Component: ARM Compiler 5.06 update 6 (build 750) Tool: armlink [4d35ed]

==============================================================================

Section Cross References

    startup_stm32f407xx.o(RESET) refers to startup_stm32f407xx.o(STACK) for __initial_sp
    startup_stm32f407xx.o(RESET) refers to startup_stm32f407xx.o(.text) for Reset_Handler
    startup_stm32f407xx.o(RESET) refers to stm32f4xx_it.o(i.NMI_Handler) for NMI_Handler
    startup_stm32f407xx.o(RESET) refers to stm32f4xx_it.o(i.HardFault_Handler) for HardFault_Handler
    startup_stm32f407xx.o(RESET) refers to stm32f4xx_it.o(i.MemManage_Handler) for MemManage_Handler
    startup_stm32f407xx.o(RESET) refers to stm32f4xx_it.o(i.BusFault_Handler) for BusFault_Handler
    startup_stm32f407xx.o(RESET) refers to stm32f4xx_it.o(i.UsageFault_Handler) for UsageFault_Handler
    startup_stm32f407xx.o(RESET) refers to stm32f4xx_it.o(i.SVC_Handler) for SVC_Handler
    startup_stm32f407xx.o(RESET) refers to stm32f4xx_it.o(i.DebugMon_Handler) for DebugMon_Handler
    startup_stm32f407xx.o(RESET) refers to stm32f4xx_it.o(i.PendSV_Handler) for PendSV_Handler
    startup_stm32f407xx.o(RESET) refers to stm32f4xx_it.o(i.SysTick_Handler) for SysTick_Handler
    startup_stm32f407xx.o(RESET) refers to stm32f4xx_it.o(i.EXTI2_IRQHandler) for EXTI2_IRQHandler
    startup_stm32f407xx.o(RESET) refers to stm32f4xx_it.o(i.EXTI3_IRQHandler) for EXTI3_IRQHandler
    startup_stm32f407xx.o(RESET) refers to stm32f4xx_it.o(i.EXTI4_IRQHandler) for EXTI4_IRQHandler
    startup_stm32f407xx.o(RESET) refers to stm32f4xx_it.o(i.ADC_IRQHandler) for ADC_IRQHandler
    startup_stm32f407xx.o(RESET) refers to stm32f4xx_it.o(i.TIM2_IRQHandler) for TIM2_IRQHandler
    startup_stm32f407xx.o(RESET) refers to stm32f4xx_it.o(i.TIM3_IRQHandler) for TIM3_IRQHandler
    startup_stm32f407xx.o(RESET) refers to stm32f4xx_it.o(i.USART1_IRQHandler) for USART1_IRQHandler
    startup_stm32f407xx.o(RESET) refers to stm32f4xx_it.o(i.DMA2_Stream0_IRQHandler) for DMA2_Stream0_IRQHandler
    startup_stm32f407xx.o(RESET) refers to stm32f4xx_it.o(i.DMA2_Stream1_IRQHandler) for DMA2_Stream1_IRQHandler
    startup_stm32f407xx.o(RESET) refers to stm32f4xx_it.o(i.DMA2_Stream2_IRQHandler) for DMA2_Stream2_IRQHandler
    startup_stm32f407xx.o(RESET) refers to stm32f4xx_it.o(i.DMA2_Stream3_IRQHandler) for DMA2_Stream3_IRQHandler
    startup_stm32f407xx.o(RESET) refers to stm32f4xx_it.o(i.DMA2_Stream7_IRQHandler) for DMA2_Stream7_IRQHandler
    startup_stm32f407xx.o(.text) refers to system_stm32f4xx.o(i.SystemInit) for SystemInit
    startup_stm32f407xx.o(.text) refers to entry.o(.ARM.Collect$$$$00000000) for __main
    delay.o(i.delay_init) refers to delay.o(.data) for .data
    delay.o(i.delay_ms) refers to delay.o(i.delay_us) for delay_us
    delay.o(i.delay_us) refers to delay.o(.data) for .data
    exti_callback.o(i.EXTI_CALLBACK_key1) refers to delay.o(i.delay_ms) for delay_ms
    exti_callback.o(i.EXTI_CALLBACK_key1) refers to stm32f4xx_hal_gpio.o(i.HAL_GPIO_ReadPin) for HAL_GPIO_ReadPin
    exti_callback.o(i.EXTI_CALLBACK_key1) refers to relay_control.o(i.Relay_Control) for Relay_Control
    exti_callback.o(i.EXTI_CALLBACK_key1) refers to main.o(.data) for RelayContro_flag
    exti_callback.o(i.EXTI_CALLBACK_key2) refers to delay.o(i.delay_ms) for delay_ms
    exti_callback.o(i.EXTI_CALLBACK_key2) refers to stm32f4xx_hal_gpio.o(i.HAL_GPIO_ReadPin) for HAL_GPIO_ReadPin
    exti_callback.o(i.EXTI_CALLBACK_key2) refers to main.o(.bss) for pid_power_cap
    exti_callback.o(i.EXTI_CALLBACK_key3) refers to delay.o(i.delay_ms) for delay_ms
    exti_callback.o(i.EXTI_CALLBACK_key3) refers to stm32f4xx_hal_gpio.o(i.HAL_GPIO_ReadPin) for HAL_GPIO_ReadPin
    exti_callback.o(i.EXTI_CALLBACK_key3) refers to stm32f4xx_hal_gpio.o(i.HAL_GPIO_WritePin) for HAL_GPIO_WritePin
    exti_callback.o(i.EXTI_CALLBACK_key3) refers to lcd.o(i.LCD_DisplayOn) for LCD_DisplayOn
    exti_callback.o(i.EXTI_CALLBACK_key3) refers to lcd.o(i.LCD_SSD_BackLightSet) for LCD_SSD_BackLightSet
    exti_callback.o(i.EXTI_CALLBACK_key3) refers to lcd.o(i.LCD_DisplayOff) for LCD_DisplayOff
    exti_callback.o(i.EXTI_CALLBACK_key3) refers to main.o(.data) for usart_flage
    data_processing.o(i.AGV_Remove_the_Ross_Error) refers to malloc.o(i.malloc) for malloc
    data_processing.o(i.AGV_Remove_the_Ross_Error) refers to data_processing.o(i.Average_Value) for Average_Value
    data_processing.o(i.AGV_Remove_the_Ross_Error) refers to data_processing.o(i.Standard_Deviation) for Standard_Deviation
    data_processing.o(i.AGV_Remove_the_Ross_Error) refers to dmul.o(.text) for __aeabi_dmul
    data_processing.o(i.AGV_Remove_the_Ross_Error) refers to dflti.o(.text) for __aeabi_i2d
    data_processing.o(i.AGV_Remove_the_Ross_Error) refers to cdrcmple.o(.text) for __aeabi_cdrcmple
    data_processing.o(i.AGV_Remove_the_Ross_Error) refers to dfltui.o(.text) for __aeabi_ui2d
[...]
    i.PID_power_out_init                     0x08007bf4   Section        0  data_processing.o(i.PID_power_out_init)
    i.PendSV_Handler                         0x08007c38   Section        0  stm32f4xx_it.o(i.PendSV_Handler)
    i.Relay_Control                          0x08007c3c   Section        0  relay_control.o(i.Relay_Control)
    i.SVC_Handler                            0x08007cb8   Section        0  stm32f4xx_it.o(i.SVC_Handler)
    i.Self_Inspection                        0x08007cbc   Section        0  self_inspection.o(i.Self_Inspection)
    i.Standard_Deviation                     0x08008024   Section        0  data_processing.o(i.Standard_Deviation)
    i.SysTick_Handler                        0x080080bc   Section        0  stm32f4xx_it.o(i.SysTick_Handler)
    i.SystemClock_Config                     0x080080c0   Section        0  main.o(i.SystemClock_Config)
    i.SystemInit                             0x08008148   Section        0  system_stm32f4xx.o(i.SystemInit)
    i.TIM2_IRQHandler                        0x0800819c   Section        0  stm32f4xx_it.o(i.TIM2_IRQHandler)
    i.TIM3_IRQHandler                        0x080081a8   Section        0  stm32f4xx_it.o(i.TIM3_IRQHandler)
    i.TIM_Base_SetConfig                     0x080081b4   Section        0  stm32f4xx_hal_tim.o(i.TIM_Base_SetConfig)
    i.TIM_ETR_SetConfig                      0x0800827c   Section        0  stm32f4xx_hal_tim.o(i.TIM_ETR_SetConfig)
    i.TIM_ITRx_SetConfig                     0x08008290   Section        0  stm32f4xx_hal_tim.o(i.TIM_ITRx_SetConfig)
    TIM_ITRx_SetConfig                       0x08008291   Thumb Code    16  stm32f4xx_hal_tim.o(i.TIM_ITRx_SetConfig)
    i.TIM_TI1_ConfigInputStage               0x080082a0   Section        0  stm32f4xx_hal_tim.o(i.TIM_TI1_ConfigInputStage)
    TIM_TI1_ConfigInputStage                 0x080082a1   Thumb Code    34  stm32f4xx_hal_tim.o(i.TIM_TI1_ConfigInputStage)
    i.TIM_TI2_ConfigInputStage               0x080082c2   Section        0  stm32f4xx_hal_tim.o(i.TIM_TI2_ConfigInputStage)
    TIM_TI2_ConfigInputStage                 0x080082c3   Thumb Code    36  stm32f4xx_hal_tim.o(i.TIM_TI2_ConfigInputStage)
    i.UART_DMAAbortOnError                   0x080082e6   Section        0  stm32f4xx_hal_uart.o(i.UART_DMAAbortOnError)
    UART_DMAAbortOnError                     0x080082e7   Thumb Code    16  stm32f4xx_hal_uart.o(i.UART_DMAAbortOnError)
    i.UART_DMAError                          0x080082f6   Section        0  stm32f4xx_hal_uart.o(i.UART_DMAError)
    UART_DMAError                            0x080082f7   Thumb Code    74  stm32f4xx_hal_uart.o(i.UART_DMAError)
    i.UART_DMAReceiveCplt                    0x08008340   Section        0  stm32f4xx_hal_uart.o(i.UART_DMAReceiveCplt)
    UART_DMAReceiveCplt                      0x08008341   Thumb Code    60  stm32f4xx_hal_uart.o(i.UART_DMAReceiveCplt)
    i.UART_DMARxHalfCplt                     0x0800837c   Section        0  stm32f4xx_hal_uart.o(i.UART_DMARxHalfCplt)
    UART_DMARxHalfCplt                       0x0800837d   Thumb Code    10  stm32f4xx_hal_uart.o(i.UART_DMARxHalfCplt)
    i.UART_DMATransmitCplt                   0x08008386   Section        0  stm32f4xx_hal_uart.o(i.UART_DMATransmitCplt)
    UART_DMATransmitCplt                     0x08008387   Thumb Code    46  stm32f4xx_hal_uart.o(i.UART_DMATransmitCplt)
    i.UART_DMATxHalfCplt                     0x080083b4   Section        0  stm32f4xx_hal_uart.o(i.UART_DMATxHalfCplt)
    UART_DMATxHalfCplt                       0x080083b5   Thumb Code    10  stm32f4xx_hal_uart.o(i.UART_DMATxHalfCplt)
    i.UART_EndRxTransfer                     0x080083be   Section        0  stm32f4xx_hal_uart.o(i.UART_EndRxTransfer)
    UART_EndRxTransfer                       0x080083bf   Thumb Code    28  stm32f4xx_hal_uart.o(i.UART_EndRxTransfer)
    i.UART_EndTxTransfer                     0x080083da   Section        0  stm32f4xx_hal_uart.o(i.UART_EndTxTransfer)
    UART_EndTxTransfer                       0x080083db   Thumb Code    18  stm32f4xx_hal_uart.o(i.UART_EndTxTransfer)
    i.UART_Receive_IT                        0x080083ec   Section        0  stm32f4xx_hal_uart.o(i.UART_Receive_IT)
    UART_Receive_IT                          0x080083ed   Thumb Code   150  stm32f4xx_hal_uart.o(i.UART_Receive_IT)
    i.UART_SetConfig                         0x08008484   Section        0  stm32f4xx_hal_uart.o(i.UART_SetConfig)
    UART_SetConfig                           0x08008485   Thumb Code   676  stm32f4xx_hal_uart.o(i.UART_SetConfig)
    i.UART_Transmit_IT                       0x08008730   Section        0  stm32f4xx_hal_uart.o(i.UART_Transmit_IT)
    UART_Transmit_IT                         0x08008731   Thumb Code    98  stm32f4xx_hal_uart.o(i.UART_Transmit_IT)
    i.UART_WaitOnFlagUntilTimeout            0x08008792   Section        0  stm32f4xx_hal_uart.o(i.UART_WaitOnFlagUntilTimeout)
    UART_WaitOnFlagUntilTimeout              0x08008793   Thumb Code   100  stm32f4xx_hal_uart.o(i.UART_WaitOnFlagUntilTimeout)
    i.USART1_IRQHandler                      0x080087f8   Section        0  stm32f4xx_it.o(i.USART1_IRQHandler)
    i.UartSend                               0x0800884c   Section        0  uartdata.o(i.UartSend)
    i.Uout_Convert                           0x08008a10   Section        0  voltage_calibration.o(i.Uout_Convert)
    i.UsageFault_Handler                     0x08008a4c   Section        0  stm32f4xx_it.o(i.UsageFault_Handler)
    i.__0sprintf                             0x08008a50   Section        0  printfa.o(i.__0sprintf)
    i.__NVIC_SetPriority                     0x08008a78   Section        0  stm32f4xx_hal_cortex.o(i.__NVIC_SetPriority)
    __NVIC_SetPriority                       0x08008a79   Thumb Code    32  stm32f4xx_hal_cortex.o(i.__NVIC_SetPriority)
    i.__aeabi_errno_addr                     0x08008a98   Section        0  errno.o(i.__aeabi_errno_addr)
    i.__hardfp_sqrt                          0x08008aa0   Section        0  sqrt.o(i.__hardfp_sqrt)
    i.__scatterload_copy                     0x08008b1a   Section       14  handlers.o(i.__scatterload_copy)
    i.__scatterload_null                     0x08008b28   Section        2  handlers.o(i.__scatterload_null)
    i.__scatterload_zeroinit                 0x08008b2a   Section       14  handlers.o(i.__scatterload_zeroinit)
    i.__set_errno                            0x08008b38   Section        0  errno.o(i.__set_errno)
    i._fp_digits                             0x08008b44   Section        0  printfa.o(i._fp_digits)
    _fp_digits                               0x08008b45   Thumb Code   366  printfa.o(i._fp_digits)
    i._printf_core                           0x08008cc8   Section        0  printfa.o(i._printf_core)
    _printf_core                             0x08008cc9   Thumb Code  1744  printfa.o(i._printf_core)
    i._printf_post_padding                   0x080093a4   Section        0  printfa.o(i._printf_post_padding)
    _printf_post_padding                     0x080093a5   Thumb Code    36  printfa.o(i._printf_post_padding)
    i._printf_pre_padding                    0x080093c8   Section        0  printfa.o(i._printf_pre_padding)
    _printf_pre_padding                      0x080093c9   Thumb Code    46  printfa.o(i._printf_pre_padding)
    i._sputc                                 0x080093f6   Section        0  printfa.o(i._sputc)
    _sputc                                   0x080093f7   Thumb Code    10  printfa.o(i._sputc)
    i.data_display_adc                       0x08009400   Section        0  main.o(i.data_display_adc)
    i.delay_init                             0x080094ac   Section        0  delay.o(i.delay_init)
    i.delay_ms                               0x080094d8   Section        0  delay.o(i.delay_ms)
    i.delay_us                               0x080094f0   Section        0  delay.o(i.delay_us)
    i.display                                0x0800951c   Section        0  display.o(i.display)
    i.free                                   0x0800975c   Section        0  malloc.o(i.free)
    i.kalmanFilter_A                         0x080097ac   Section        0  data_processing.o(i.kalmanFilter_A)
    i.main                                   0x080097ec   Section        0  main.o(i.main)
    i.malloc                                 0x08009a5c   Section        0  malloc.o(i.malloc)
    i.usart_feedback                         0x08009ac8   Section        0  main.o(i.usart_feedback)
    .constdata                               0x08009c2c   Section        8  stm32f4xx_hal_dma.o(.constdata)
    flagBitshiftOffset                       0x08009c2c   Data           8  stm32f4xx_hal_dma.o(.constdata)
    .constdata                               0x08009c34   Section       16  system_stm32f4xx.o(.constdata)
    .constdata                               0x08009c44   Section        8  system_stm32f4xx.o(.constdata)
    .constdata                               0x08009c4c   Section     6080  lcd.o(.constdata)
    .constdata                               0x0800b40c   Section      129  ctype_o.o(.constdata)
    .constdata                               0x0800b490   Section        4  ctype_o.o(.constdata)
    table                                    0x0800b490   Data           4  ctype_o.o(.constdata)
    .data                                    0x20000000   Section        4  delay.o(.data)
    fac_us                                   0x20000000   Data           1  delay.o(.data)
    fac_ms                                   0x20000002   Data           2  delay.o(.data)
    .data                                    0x20000004   Section       16  data_processing.o(.data)
    p                                        0x20000004   Data           4  data_processing.o(.data)
    q                                        0x20000008   Data           4  data_processing.o(.data)
    r                                        0x2000000c   Data           4  data_processing.o(.data)
    kGain                                    0x20000010   Data           4  data_processing.o(.data)
    .data                                    0x20000018   Section      193  main.o(.data)
    prevData1                                0x20000038   Data           4  main.o(.data)
    prevData2                                0x2000003c   Data           4  main.o(.data)
    prevData3                                0x20000040   Data           4  main.o(.data)
    prevData4                                0x20000044   Data           4  main.o(.data)
    prevData5                                0x20000048   Data           4  main.o(.data)
    prevData6                                0x2000004c   Data           4  main.o(.data)
    time                                     0x20000050   Data           4  main.o(.data)
    .data                                    0x200000dc   Section        8  fsmc.o(.data)
    FSMC_Initialized                         0x200000dc   Data           4  fsmc.o(.data)
    FSMC_DeInitialized                       0x200000e0   Data           4  fsmc.o(.data)
    .data                                    0x200000e4   Section    40000  self_inspection.o(.data)
    .data                                    0x20009d24   Section       12  stm32f4xx_hal.o(.data)
    .data                                    0x20009d30   Section        4  system_stm32f4xx.o(.data)
    .data                                    0x20009d34   Section        4  lcd.o(.data)
    .data                                    0x20009d38   Section        4  mvars.o(.data)
    .data                                    0x20009d3c   Section        4  mvars.o(.data)
    .data                                    0x20009d40   Section        4  errno.o(.data)
    _errno                                   0x20009d40   Data           4  errno.o(.data)
    .bss                                     0x20009d44   Section       30  display.o(.bss)
    .bss                                     0x20009d64   Section     1976  main.o(.bss)
    .bss                                     0x2000a51c   Section      504  adc.o(.bss)
    .bss                                     0x2000a714   Section       20  dac.o(.bss)
    .bss                                     0x2000a728   Section       80  fsmc.o(.bss)
    .bss                                     0x2000a778   Section       88  spi.o(.bss)
    .bss                                     0x2000a7d0   Section      128  tim.o(.bss)
    .bss                                     0x2000a850   Section      256  usart.o(.bss)
    .bss                                     0x2000a950   Section       14  lcd.o(.bss)
    HEAP                                     0x2000a960   Section      512  startup_stm32f407xx.o(HEAP)
    STACK                                    0x2000ab60   Section     1024  startup_stm32f407xx.o(STACK)

    Global Symbols

    Symbol Name                              Value     Ov Type        Size  Object(Section)

    BuildAttributes$$THM_ISAv4$E$P$D$K$B$S$7EM$VFPi3$EXTD16$VFPS$VFMA$PE$A:L22UL41UL21$X:L11$S22US41US21$IEEE1$IW$USESV6$~STKCKD$USESV7$~SHL$OTIME$ROPI$IEEEJ$EBA8$MICROLIB$REQ8$PRES8$EABIv2 0x00000000   Number         0  anon$$obj.o ABSOLUTE
    __ARM_use_no_argv                        0x00000000   Number         0  main.o ABSOLUTE
    _printf_a                                0x00000000   Number         0  stubs.o ABSOLUTE
    _printf_c                                0x00000000   Number         0  stubs.o ABSOLUTE
    _printf_charcount                        0x00000000   Number         0  stubs.o ABSOLUTE
    _printf_d                                0x00000000   Number         0  stubs.o ABSOLUTE
    _printf_e                                0x00000000   Number         0  stubs.o ABSOLUTE
    _printf_f                                0x00000000   Number         0  stubs.o ABSOLUTE
    _printf_flags                            0x00000000   Number         0  stubs.o ABSOLUTE
    _printf_fp_dec                           0x00000000   Number         0  stubs.o ABSOLUTE
    _printf_fp_hex                           0x00000000   Number         0  stubs.o ABSOLUTE
    _printf_g                                0x00000000   Number         0  stubs.o ABSOLUTE
    _printf_i                                0x00000000   Number         0  stubs.o ABSOLUTE
    _printf_int_dec                          0x00000000   Number         0  stubs.o ABSOLUTE
    _printf_l                                0x00000000   Number         0  stubs.o ABSOLUTE
    _printf_lc                               0x00000000   Number         0  stubs.o ABSOLUTE
    _printf_ll                               0x00000000   Number         0  stubs.o ABSOLUTE
    _printf_lld                              0x00000000   Number         0  stubs.o ABSOLUTE
    _printf_lli                              0x00000000   Number         0  stubs.o ABSOLUTE
    _printf_llo                              0x00000000   Number         0  stubs.o ABSOLUTE
    _printf_llu                              0x00000000   Number         0  stubs.o ABSOLUTE
    _printf_llx                              0x00000000   Number         0  stubs.o ABSOLUTE
    _printf_longlong_dec                     0x00000000   Number         0  stubs.o ABSOLUTE
    _printf_longlong_hex                     0x00000000   Number         0  stubs.o ABSOLUTE
    _printf_longlong_oct                     0x00000000   Number         0  stubs.o ABSOLUTE
    _printf_ls                               0x00000000   Number         0  stubs.o ABSOLUTE
    _printf_mbtowc                           0x00000000   Number         0  stubs.o ABSOLUTE
    _printf_n                                0x00000000   Number         0  stubs.o ABSOLUTE
    _printf_o                                0x00000000   Number         0  stubs.o ABSOLUTE
    _printf_p                                0x00000000   Number         0  stubs.o ABSOLUTE
    _printf_percent                          0x00000000   Number         0  stubs.o ABSOLUTE
    _printf_pre_padding                      0x00000000   Number         0  stubs.o ABSOLUTE
    _printf_return_value                     0x00000000   Number         0  stubs.o ABSOLUTE
    _printf_s                                0x00000000   Number         0  stubs.o ABSOLUTE
    _printf_sizespec                         0x00000000   Number         0  stubs.o ABSOLUTE
    _printf_str                              0x00000000   Number         0  stubs.o ABSOLUTE
    _printf_truncate_signed                  0x00000000   Number         0  stubs.o ABSOLUTE
    _printf_truncate_unsigned                0x00000000   Number         0  stubs.o ABSOLUTE
    _printf_u                                0x00000000   Number         0  stubs.o ABSOLUTE
    _printf_wc                               0x00000000   Number         0  stubs.o ABSOLUTE
    _printf_wctomb                           0x00000000   Number         0  stubs.o ABSOLUTE
    _printf_widthprec                        0x00000000   Number         0  stubs.o ABSOLUTE
    _printf_x                                0x00000000   Number         0  stubs.o ABSOLUTE
    __cpp_initialize__aeabi_                  - Undefined Weak Reference
    __cxa_finalize                            - Undefined Weak Reference
    _clock_init                               - Undefined Weak Reference
    _microlib_exit                            - Undefined Weak Reference
    __Vectors_Size                           0x00000188   Number         0  startup_stm32f407xx.o ABSOLUTE
    __Vectors                                0x08000000   Data           4  startup_stm32f407xx.o(RESET)
    __Vectors_End                            0x08000188   Data           0  startup_stm32f407xx.o(RESET)
    __main                                   0x08000189   Thumb Code     0  entry.o(.ARM.Collect$$$$00000000)
    _main_stk                                0x08000189   Thumb Code     0  entry2.o(.ARM.Collect$$$$00000001)
    _main_scatterload                        0x0800018d   Thumb Code     0  entry5.o(.ARM.Collect$$$$00000004)
    __main_after_scatterload                 0x08000191   Thumb Code     0  entry5.o(.ARM.Collect$$$$00000004)
    _main_clock                              0x08000191   Thumb Code     0  entry7b.o(.ARM.Collect$$$$00000008)
    _main_cpp_init                           0x08000191   Thumb Code     0  entry8b.o(.ARM.Collect$$$$0000000A)
    _main_init                               0x08000191   Thumb Code     0  entry9a.o(.ARM.Collect$$$$0000000B)
    __rt_final_cpp                           0x08000199   Thumb Code     0  entry10a.o(.ARM.Collect$$$$0000000D)
    __rt_final_exit                          0x08000199   Thumb Code     0  entry11a.o(.ARM.Collect$$$$0000000F)
    Reset_Handler                            0x0800019d   Thumb Code     8  startup_stm32f407xx.o(.text)
    CAN1_RX0_IRQHandler                      0x080001b7   Thumb Code     0  startup_stm32f407xx.o(.text)
    CAN1_RX1_IRQHandler                      0x080001b7   Thumb Code     0  startup_stm32f407xx.o(.text)
    CAN1_SCE_IRQHandler                      0x080001b7   Thumb Code     0  startup_stm32f407xx.o(.text)
    CAN1_TX_IRQHandler                       0x080001b7   Thumb Code     0  startup_stm32f407xx.o(.text)
    CAN2_RX0_IRQHandler                      0x080001b7   Thumb Code     0  startup_stm32f407xx.o(.text)
    CAN2_RX1_IRQHandler                      0x080001b7   Thumb Code     0  startup_stm32f407xx.o(.text)
    CAN2_SCE_IRQHandler                      0x080001b7   Thumb Code     0  startup_stm32f407xx.o(.text)
    CAN2_TX_IRQHandler                       0x080001b7   Thumb Code     0  startup_stm32f407xx.o(.text)
    DCMI_IRQHandler                          0x080001b7   Thumb Code     0  startup_stm32f407xx.o(.text)
    DMA1_Stream0_IRQHandler                  0x080001b7   Thumb Code     0  startup_stm32f407xx.o(.text)
    DMA1_Stream1_IRQHandler                  0x080001b7   Thumb Code     0  startup_stm32f407xx.o(.text)
    DMA1_Stream2_IRQHandler                  0x080001b7   Thumb Code     0  startup_stm32f407xx.o(.text)
    DMA1_Stream3_IRQHandler                  0x080001b7   Thumb Code     0  startup_stm32f407xx.o(.text)
    DMA1_Stream4_IRQHandler                  0x080001b7   Thumb Code     0  startup_stm32f407xx.o(.text)
    DMA1_Stream5_IRQHandler                  0x080001b7   Thumb Code     0  startup_stm32f407xx.o(.text)
    DMA1_Stream6_IRQHandler                  0x080001b7   Thumb Code     0  startup_stm32f407xx.o(.text)
    DMA1_Stream7_IRQHandler                  0x080001b7   Thumb Code     0  startup_stm32f407xx.o(.text)
    DMA2_Stream4_IRQHandler                  0x080001b7   Thumb Code     0  startup_stm32f407xx.o(.text)
    DMA2_Stream5_IRQHandler                  0x080001b7   Thumb Code     0  startup_stm32f407xx.o(.text)
    DMA2_Stream6_IRQHandler                  0x080001b7   Thumb Code     0  startup_stm32f407xx.o(.text)
    ETH_IRQHandler                           0x080001b7   Thumb Code     0  startup_stm32f407xx.o(.text)
    ETH_WKUP_IRQHandler                      0x080001b7   Thumb Code     0  startup_stm32f407xx.o(.text)
    EXTI0_IRQHandler                         0x080001b7   Thumb Code     0  startup_stm32f407xx.o(.text)
    EXTI15_10_IRQHandler                     0x080001b7   Thumb Code     0  startup_stm32f407xx.o(.text)
    EXTI1_IRQHandler                         0x080001b7   Thumb Code     0  startup_stm32f407xx.o(.text)
    EXTI9_5_IRQHandler                       0x080001b7   Thumb Code     0  startup_stm32f407xx.o(.text)
    FLASH_IRQHandler                         0x080001b7   Thumb Code     0  startup_stm32f407xx.o(.text)
    FMC_IRQHandler                           0x080001b7   Thumb Code     0  startup_stm32f407xx.o(.text)
    FPU_IRQHandler                           0x080001b7   Thumb Code     0  startup_stm32f407xx.o(.text)
    HASH_RNG_IRQHandler                      0x080001b7   Thumb Code     0  startup_stm32f407xx.o(.text)
    I2C1_ER_IRQHandler                       0x080001b7   Thumb Code     0  startup_stm32f407xx.o(.text)
    I2C1_EV_IRQHandler                       0x080001b7   Thumb Code     0  startup_stm32f407xx.o(.text)
    I2C2_ER_IRQHandler                       0x080001b7   Thumb Code     0  startup_stm32f407xx.o(.text)
    I2C2_EV_IRQHandler                       0x080001b7   Thumb Code     0  startup_stm32f407xx.o(.text)
    I2C3_ER_IRQHandler                       0x080001b7   Thumb Code     0  startup_stm32f407xx.o(.text)
    I2C3_EV_IRQHandler                       0x080001b7   Thumb Code     0  startup_stm32f407xx.o(.text)
    OTG_FS_IRQHandler                        0x080001b7   Thumb Code     0  startup_stm32f407xx.o(.text)
    OTG_FS_WKUP_IRQHandler                   0x080001b7   Thumb Code     0  startup_stm32f407xx.o(.text)
    OTG_HS_EP1_IN_IRQHandler                 0x080001b7   Thumb Code     0  startup_stm32f407xx.o(.text)
    OTG_HS_EP1_OUT_IRQHandler                0x080001b7   Thumb Code     0  startup_stm32f407xx.o(.text)
    OTG_HS_IRQHandler                        0x080001b7   Thumb Code     0  startup_stm32f407xx.o(.text)
    OTG_HS_WKUP_IRQHandler                   0x080001b7   Thumb Code     0  startup_stm32f407xx.o(.text)
    PVD_IRQHandler                           0x080001b7   Thumb Code     0  startup_stm32f407xx.o(.text)
    RCC_IRQHandler                           0x080001b7   Thumb Code     0  startup_stm32f407xx.o(.text)
    RTC_Alarm_IRQHandler                     0x080001b7   Thumb Code     0  startup_stm32f407xx.o(.text)
    RTC_WKUP_IRQHandler                      0x080001b7   Thumb Code     0  startup_stm32f407xx.o(.text)
    SDIO_IRQHandler                          0x080001b7   Thumb Code     0  startup_stm32f407xx.o(.text)
    SPI1_IRQHandler                          0x080001b7   Thumb Code     0  startup_stm32f407xx.o(.text)
    SPI2_IRQHandler                          0x080001b7   Thumb Code     0  startup_stm32f407xx.o(.text)
    SPI3_IRQHandler                          0x080001b7   Thumb Code     0  startup_stm32f407xx.o(.text)
    TAMP_STAMP_IRQHandler                    0x080001b7   Thumb Code     0  startup_stm32f407xx.o(.text)
    TIM1_BRK_TIM9_IRQHandler                 0x080001b7   Thumb Code     0  startup_stm32f407xx.o(.text)
    TIM1_CC_IRQHandler                       0x080001b7   Thumb Code     0  startup_stm32f407xx.o(.text)
    TIM1_TRG_COM_TIM11_IRQHandler            0x080001b7   Thumb Code     0  startup_stm32f407xx.o(.text)
    TIM1_UP_TIM10_IRQHandler                 0x080001b7   Thumb Code     0  startup_stm32f407xx.o(.text)
    TIM4_IRQHandler                          0x080001b7   Thumb Code     0  startup_stm32f407xx.o(.text)
    TIM5_IRQHandler                          0x080001b7   Thumb Code     0  startup_stm32f407xx.o(.text)
    TIM6_DAC_IRQHandler                      0x080001b7   Thumb Code     0  startup_stm32f407xx.o(.text)
    TIM7_IRQHandler                          0x080001b7   Thumb Code     0  startup_stm32f407xx.o(.text)
    TIM8_BRK_TIM12_IRQHandler                0x080001b7   Thumb Code     0  startup_stm32f407xx.o(.text)
    TIM8_CC_IRQHandler                       0x080001b7   Thumb Code     0  startup_stm32f407xx.o(.text)
    TIM8_TRG_COM_TIM14_IRQHandler            0x080001b7   Thumb Code     0  startup_stm32f407xx.o(.text)
    TIM8_UP_TIM13_IRQHandler                 0x080001b7   Thumb Code     0  startup_stm32f407xx.o(.text)
    UART4_IRQHandler                         0x080001b7   Thumb Code     0  startup_stm32f407xx.o(.text)
    UART5_IRQHandler                         0x080001b7   Thumb Code     0  startup_stm32f407xx.o(.text)
    USART2_IRQHandler                        0x080001b7   Thumb Code     0  startup_stm32f407xx.o(.text)
    USART3_IRQHandler                        0x080001b7   Thumb Code     0  startup_stm32f407xx.o(.text)
    USART6_IRQHandler                        0x080001b7   Thumb Code     0  startup_stm32f407xx.o(.text)
    WWDG_IRQHandler                          0x080001b7   Thumb Code     0  startup_stm32f407xx.o(.text)
    __aeabi_uldivmod                         0x080001c1   Thumb Code    98  uldiv.o(.text)
    __aeabi_memset                           0x08000223   Thumb Code    14  memseta.o(.text)
    __aeabi_memset4                          0x08000223   Thumb Code     0  memseta.o(.text)
    __aeabi_memset8                          0x08000223   Thumb Code     0  memseta.o(.text)
    __aeabi_memclr                           0x08000231   Thumb Code     4  memseta.o(.text)
    __aeabi_memclr4                          0x08000231   Thumb Code     0  memseta.o(.text)
    __aeabi_memclr8                          0x08000231   Thumb Code     0  memseta.o(.text)
    _memset$wrapper                          0x08000235   Thumb Code    18  memseta.o(.text)
    strlen                                   0x08000247   Thumb Code    14  strlen.o(.text)
    memcmp                                   0x08000255   Thumb Code    26  memcmp.o(.text)
    atoi                                     0x0800026f   Thumb Code    26  atoi.o(.text)
    __aeabi_dadd                             0x08000289   Thumb Code   322  dadd.o(.text)
    __aeabi_dsub                             0x080003cb   Thumb Code     6  dadd.o(.text)
    __aeabi_drsub                            0x080003d1   Thumb Code     6  dadd.o(.text)
    __aeabi_dmul                             0x080003d7   Thumb Code   228  dmul.o(.text)
    __aeabi_ddiv                             0x080004bb   Thumb Code   222  ddiv.o(.text)
    __aeabi_i2d                              0x08000599   Thumb Code    34  dflti.o(.text)
    __aeabi_ui2d                             0x080005bb   Thumb Code    26  dfltui.o(.text)
    __aeabi_d2iz                             0x080005d5   Thumb Code    62  dfixi.o(.text)
    __aeabi_d2uiz                            0x08000613   Thumb Code    50  dfixui.o(.text)
    __aeabi_f2d                              0x08000645   Thumb Code    38  f2d.o(.text)
    __aeabi_cdcmpeq                          0x0800066d   Thumb Code     0  cdcmple.o(.text)
    __aeabi_cdcmple                          0x0800066d   Thumb Code    48  cdcmple.o(.text)
    __aeabi_cdrcmple                         0x0800069d   Thumb Code    48  cdrcmple.o(.text)
    __aeabi_d2f                              0x080006cd   Thumb Code    56  d2f.o(.text)
    __aeabi_uidiv                            0x08000705   Thumb Code     0  uidiv.o(.text)
    __aeabi_uidivmod                         0x08000705   Thumb Code    44  uidiv.o(.text)
    __aeabi_llsl                             0x08000731   Thumb Code    30  llshl.o(.text)
    _ll_shift_l                              0x08000731   Thumb Code     0  llshl.o(.text)
    __aeabi_llsr                             0x0800074f   Thumb Code    32  llushr.o(.text)
    _ll_ushift_r                             0x0800074f   Thumb Code     0  llushr.o(.text)
    __aeabi_lasr                             0x0800076f   Thumb Code    36  llsshr.o(.text)
    _ll_sshift_r                             0x0800076f   Thumb Code     0  llsshr.o(.text)
    strtol                                   0x08000793   Thumb Code   112  strtol.o(.text)
    __I$use$fp                               0x08000803   Thumb Code     0  iusefp.o(.text)
    _float_round                             0x08000803   Thumb Code    18  fepilogue.o(.text)
    _float_epilogue                          0x08000815   Thumb Code    92  fepilogue.o(.text)
    _double_round                            0x08000871   Thumb Code    30  depilogue.o(.text)
    _double_epilogue                         0x0800088f   Thumb Code   156  depilogue.o(.text)
    _dsqrt                                   0x0800092b   Thumb Code   162  dsqrt.o(.text)
    __aeabi_d2ulz                            0x080009cd   Thumb Code    48  dfixul.o(.text)
    __scatterload                            0x080009fd   Thumb Code    28  init.o(.text)
    __scatterload_rt2                        0x080009fd   Thumb Code     0  init.o(.text)
    __rt_ctype_table                         0x08000a21   Thumb Code     4  ctype_o.o(.text)
    _strtoul                                 0x08000a29   Thumb Code   158  _strtoul.o(.text)
    _chval                                   0x08000ac7   Thumb Code    28  _chval.o(.text)
    __decompress                             0x08000ae3   Thumb Code     0  __dclz77c.o(.text)
    __decompress2                            0x08000ae3   Thumb Code    94  __dclz77c.o(.text)
    ADC_IRQHandler                           0x08000bd1   Thumb Code    24  stm32f4xx_it.o(i.ADC_IRQHandler)
    AGV_Remove_the_Ross_Error                0x08000d1d   Thumb Code   252  data_processing.o(i.AGV_Remove_the_Ross_Error)
    Average_Value                            0x08000e21   Thumb Code    30  data_processing.o(i.Average_Value)
    BusFault_Handler                         0x08000e3f   Thumb Code     2  stm32f4xx_it.o(i.BusFault_Handler)
    Control_Program                          0x08000e41   Thumb Code  1498  main.o(i.Control_Program)
    DMA2_Stream0_IRQHandler                  0x08001439   Thumb Code     6  stm32f4xx_it.o(i.DMA2_Stream0_IRQHandler)
    DMA2_Stream1_IRQHandler                  0x08001445   Thumb Code     6  stm32f4xx_it.o(i.DMA2_Stream1_IRQHandler)
    DMA2_Stream2_IRQHandler                  0x08001451   Thumb Code     6  stm32f4xx_it.o(i.DMA2_Stream2_IRQHandler)
    DMA2_Stream3_IRQHandler                  0x0800145d   Thumb Code     6  stm32f4xx_it.o(i.DMA2_Stream3_IRQHandler)
    DMA2_Stream7_IRQHandler                  0x08001469   Thumb Code     6  stm32f4xx_it.o(i.DMA2_Stream7_IRQHandler)
    DebugMon_Handler                         0x08001519   Thumb Code     2  stm32f4xx_it.o(i.DebugMon_Handler)
    EXTI2_IRQHandler                         0x0800151b   Thumb Code     6  stm32f4xx_it.o(i.EXTI2_IRQHandler)
    EXTI3_IRQHandler                         0x08001521   Thumb Code     6  stm32f4xx_it.o(i.EXTI3_IRQHandler)
    EXTI4_IRQHandler                         0x08001527   Thumb Code     6  stm32f4xx_it.o(i.EXTI4_IRQHandler)
    EXTI_CALLBACK_key1                       0x0800152d   Thumb Code    42  exti_callback.o(i.EXTI_CALLBACK_key1)
    EXTI_CALLBACK_key2                       0x08001561   Thumb Code    60  exti_callback.o(i.EXTI_CALLBACK_key2)
    EXTI_CALLBACK_key3                       0x080015ad   Thumb Code   120  exti_callback.o(i.EXTI_CALLBACK_key3)
    EXTI_CALLBACK_key4                       0x08001631   Thumb Code     2  exti_callback.o(i.EXTI_CALLBACK_key4)
    Error_Handler                            0x08001633   Thumb Code     2  main.o(i.Error_Handler)
    FSMC_NORSRAM_Extended_Timing_Init        0x08001635   Thumb Code    60  stm32f4xx_ll_fsmc.o(i.FSMC_NORSRAM_Extended_Timing_Init)
    FSMC_NORSRAM_Init                        0x08001675   Thumb Code    80  stm32f4xx_ll_fsmc.o(i.FSMC_NORSRAM_Init)
    FSMC_NORSRAM_Timing_Init                 0x080016c9   Thumb Code    64  stm32f4xx_ll_fsmc.o(i.FSMC_NORSRAM_Timing_Init)
    Frames_init                              0x0800170d   Thumb Code    62  main.o(i.Frames_init)
    HAL_ADCEx_InjectedConvCpltCallback       0x0800174b   Thumb Code     2  stm32f4xx_hal_adc_ex.o(i.HAL_ADCEx_InjectedConvCpltCallback)
    HAL_ADC_ConfigChannel                    0x0800174d   Thumb Code   316  stm32f4xx_hal_adc.o(i.HAL_ADC_ConfigChannel)
    HAL_ADC_ConvCpltCallback                 0x08001899   Thumb Code     2  main.o(i.HAL_ADC_ConvCpltCallback)
    HAL_ADC_ConvHalfCpltCallback             0x0800189b   Thumb Code     2  stm32f4xx_hal_adc.o(i.HAL_ADC_ConvHalfCpltCallback)
    HAL_ADC_ErrorCallback                    0x0800189d   Thumb Code     2  stm32f4xx_hal_adc.o(i.HAL_ADC_ErrorCallback)
    HAL_ADC_IRQHandler                       0x0800189f   Thumb Code   316  stm32f4xx_hal_adc.o(i.HAL_ADC_IRQHandler)
    HAL_ADC_Init                             0x080019db   Thumb Code    84  stm32f4xx_hal_adc.o(i.HAL_ADC_Init)
    HAL_ADC_LevelOutOfWindowCallback         0x08001a2f   Thumb Code     2  stm32f4xx_hal_adc.o(i.HAL_ADC_LevelOutOfWindowCallback)
    HAL_ADC_MspInit                          0x08001a31   Thumb Code   400  adc.o(i.HAL_ADC_MspInit)
    HAL_ADC_Start_DMA                        0x08001be1   Thumb Code   268  stm32f4xx_hal_adc.o(i.HAL_ADC_Start_DMA)
    HAL_ADC_Stop_DMA                         0x08001d11   Thumb Code    88  stm32f4xx_hal_adc.o(i.HAL_ADC_Stop_DMA)
    HAL_DAC_ConfigChannel                    0x08001d69   Thumb Code    66  stm32f4xx_hal_dac.o(i.HAL_DAC_ConfigChannel)
    HAL_DAC_Init                             0x08001dab   Thumb Code    40  stm32f4xx_hal_dac.o(i.HAL_DAC_Init)
    HAL_DAC_MspInit                          0x08001dd5   Thumb Code    84  dac.o(i.HAL_DAC_MspInit)
    HAL_DAC_SetValue                         0x08001e35   Thumb Code    26  stm32f4xx_hal_dac.o(i.HAL_DAC_SetValue)
    HAL_DAC_Start                            0x08001e4f   Thumb Code   108  stm32f4xx_hal_dac.o(i.HAL_DAC_Start)
    HAL_DMA_Abort                            0x08001ebb   Thumb Code   142  stm32f4xx_hal_dma.o(i.HAL_DMA_Abort)
    HAL_DMA_Abort_IT                         0x08001f49   Thumb Code    36  stm32f4xx_hal_dma.o(i.HAL_DMA_Abort_IT)
    HAL_DMA_IRQHandler                       0x08001f6d   Thumb Code   412  stm32f4xx_hal_dma.o(i.HAL_DMA_IRQHandler)
    HAL_DMA_Init                             0x0800210d   Thumb Code   206  stm32f4xx_hal_dma.o(i.HAL_DMA_Init)
    HAL_DMA_Start_IT                         0x080021e1   Thumb Code   120  stm32f4xx_hal_dma.o(i.HAL_DMA_Start_IT)
    HAL_GPIO_EXTI_Callback                   0x08002301   Thumb Code    36  main.o(i.HAL_GPIO_EXTI_Callback)
    HAL_GPIO_EXTI_IRQHandler                 0x08002325   Thumb Code    18  stm32f4xx_hal_gpio.o(i.HAL_GPIO_EXTI_IRQHandler)
    HAL_GPIO_Init                            0x0800233d   Thumb Code   388  stm32f4xx_hal_gpio.o(i.HAL_GPIO_Init)
    HAL_GPIO_ReadPin                         0x080024ed   Thumb Code    10  stm32f4xx_hal_gpio.o(i.HAL_GPIO_ReadPin)
    HAL_GPIO_WritePin                        0x080024f7   Thumb Code    10  stm32f4xx_hal_gpio.o(i.HAL_GPIO_WritePin)
    HAL_GetTick                              0x08002501   Thumb Code     6  stm32f4xx_hal.o(i.HAL_GetTick)
    HAL_IncTick                              0x0800250d   Thumb Code    12  stm32f4xx_hal.o(i.HAL_IncTick)
    HAL_Init                                 0x0800251d   Thumb Code    48  stm32f4xx_hal.o(i.HAL_Init)
    HAL_InitTick                             0x08002551   Thumb Code    54  stm32f4xx_hal.o(i.HAL_InitTick)
    HAL_MspInit                              0x08002591   Thumb Code    42  stm32f4xx_hal_msp.o(i.HAL_MspInit)
    HAL_NVIC_EnableIRQ                       0x080025c1   Thumb Code    26  stm32f4xx_hal_cortex.o(i.HAL_NVIC_EnableIRQ)
    HAL_NVIC_SetPriority                     0x080025dd   Thumb Code    60  stm32f4xx_hal_cortex.o(i.HAL_NVIC_SetPriority)
    HAL_NVIC_SetPriorityGrouping             0x0800261d   Thumb Code    26  stm32f4xx_hal_cortex.o(i.HAL_NVIC_SetPriorityGrouping)
    HAL_RCC_ClockConfig                      0x08002641   Thumb Code   286  stm32f4xx_hal_rcc.o(i.HAL_RCC_ClockConfig)
    HAL_RCC_GetPCLK1Freq                     0x08002771   Thumb Code    20  stm32f4xx_hal_rcc.o(i.HAL_RCC_GetPCLK1Freq)
    HAL_RCC_GetPCLK2Freq                     0x08002791   Thumb Code    20  stm32f4xx_hal_rcc.o(i.HAL_RCC_GetPCLK2Freq)
    HAL_RCC_GetSysClockFreq                  0x080027b1   Thumb Code    88  stm32f4xx_hal_rcc.o(i.HAL_RCC_GetSysClockFreq)
    HAL_RCC_OscConfig                        0x08002811   Thumb Code   770  stm32f4xx_hal_rcc.o(i.HAL_RCC_OscConfig)
    HAL_SPI_Init                             0x08002b2d   Thumb Code   128  stm32f4xx_hal_spi.o(i.HAL_SPI_Init)
    HAL_SPI_MspInit                          0x08002bad   Thumb Code   124  spi.o(i.HAL_SPI_MspInit)
    HAL_SRAM_Init                            0x08002c39   Thumb Code    86  stm32f4xx_hal_sram.o(i.HAL_SRAM_Init)
    HAL_SRAM_MspInit                         0x08002c8f   Thumb Code     4  fsmc.o(i.HAL_SRAM_MspInit)
    HAL_SYSTICK_Config                       0x08002c93   Thumb Code    40  stm32f4xx_hal_cortex.o(i.HAL_SYSTICK_Config)
    HAL_TIMEx_BreakCallback                  0x08002cbb   Thumb Code     2  stm32f4xx_hal_tim_ex.o(i.HAL_TIMEx_BreakCallback)
    HAL_TIMEx_CommutCallback                 0x08002cbd   Thumb Code     2  stm32f4xx_hal_tim_ex.o(i.HAL_TIMEx_CommutCallback)
    HAL_TIMEx_MasterConfigSynchronization    0x08002cbf   Thumb Code    66  stm32f4xx_hal_tim_ex.o(i.HAL_TIMEx_MasterConfigSynchronization)
    HAL_TIM_Base_Init                        0x08002d01   Thumb Code    54  stm32f4xx_hal_tim.o(i.HAL_TIM_Base_Init)
    HAL_TIM_Base_MspInit                     0x08002d39   Thumb Code    86  tim.o(i.HAL_TIM_Base_MspInit)
    HAL_TIM_Base_Start_IT                    0x08002d99   Thumb Code    34  stm32f4xx_hal_tim.o(i.HAL_TIM_Base_Start_IT)
    HAL_TIM_ConfigClockSource                0x08002dbb   Thumb Code   214  stm32f4xx_hal_tim.o(i.HAL_TIM_ConfigClockSource)
    HAL_TIM_IC_CaptureCallback               0x08002e91   Thumb Code     2  stm32f4xx_hal_tim.o(i.HAL_TIM_IC_CaptureCallback)
    HAL_TIM_IRQHandler                       0x08002e93   Thumb Code   358  stm32f4xx_hal_tim.o(i.HAL_TIM_IRQHandler)
    HAL_TIM_OC_DelayElapsedCallback          0x08002ff9   Thumb Code     2  stm32f4xx_hal_tim.o(i.HAL_TIM_OC_DelayElapsedCallback)
    HAL_TIM_PWM_PulseFinishedCallback        0x08002ffb   Thumb Code     2  stm32f4xx_hal_tim.o(i.HAL_TIM_PWM_PulseFinishedCallback)
    HAL_TIM_PeriodElapsedCallback            0x08002ffd   Thumb Code    94  main.o(i.HAL_TIM_PeriodElapsedCallback)
    HAL_TIM_TriggerCallback                  0x0800306d   Thumb Code     2  stm32f4xx_hal_tim.o(i.HAL_TIM_TriggerCallback)
    HAL_UART_DMAStop                         0x0800306f   Thumb Code    88  stm32f4xx_hal_uart.o(i.HAL_UART_DMAStop)
    HAL_UART_ErrorCallback                   0x080030c7   Thumb Code     2  stm32f4xx_hal_uart.o(i.HAL_UART_ErrorCallback)
    HAL_UART_IRQHandler                      0x080030c9   Thumb Code   266  stm32f4xx_hal_uart.o(i.HAL_UART_IRQHandler)
    HAL_UART_Init                            0x080031d9   Thumb Code    98  stm32f4xx_hal_uart.o(i.HAL_UART_Init)
    HAL_UART_MspInit                         0x0800323d   Thumb Code   218  usart.o(i.HAL_UART_MspInit)
    HAL_UART_Receive_DMA                     0x0800332d   Thumb Code   138  stm32f4xx_hal_uart.o(i.HAL_UART_Receive_DMA)
    HAL_UART_RxCpltCallback                  0x080033c5   Thumb Code     2  stm32f4xx_hal_uart.o(i.HAL_UART_RxCpltCallback)
    HAL_UART_RxHalfCpltCallback              0x080033c7   Thumb Code     2  stm32f4xx_hal_uart.o(i.HAL_UART_RxHalfCpltCallback)
    HAL_UART_Transmit                        0x080033c9   Thumb Code   186  stm32f4xx_hal_uart.o(i.HAL_UART_Transmit)
    HAL_UART_Transmit_DMA                    0x08003485   Thumb Code   114  stm32f4xx_hal_uart.o(i.HAL_UART_Transmit_DMA)
    HAL_UART_TxCpltCallback                  0x08003505   Thumb Code     2  stm32f4xx_hal_uart.o(i.HAL_UART_TxCpltCallback)
    HAL_UART_TxHalfCpltCallback              0x08003507   Thumb Code     2  stm32f4xx_hal_uart.o(i.HAL_UART_TxHalfCpltCallback)
    HardFault_Handler                        0x08003509   Thumb Code     2  stm32f4xx_it.o(i.HardFault_Handler)
    LCD_Clear                                0x0800350d   Thumb Code    98  lcd.o(i.LCD_Clear)
    LCD_Color_Fill                           0x08003575   Thumb Code    88  lcd.o(i.LCD_Color_Fill)
    LCD_DisplayOff                           0x080035cd   Thumb Code    64  lcd.o(i.LCD_DisplayOff)
    LCD_DisplayOn                            0x08003611   Thumb Code    66  lcd.o(i.LCD_DisplayOn)
    LCD_Display_Dir                          0x08003659   Thumb Code   304  lcd.o(i.LCD_Display_Dir)
    LCD_DrawLine                             0x0800378d   Thumb Code   154  lcd.o(i.LCD_DrawLine)
    LCD_DrawPoint                            0x08003829   Thumb Code    24  lcd.o(i.LCD_DrawPoint)
    LCD_Draw_Output_waveform                 0x08003845   Thumb Code   230  lcd.o(i.LCD_Draw_Output_waveform)
    LCD_Fast_DrawPoint                       0x08003931   Thumb Code   278  lcd.o(i.LCD_Fast_DrawPoint)
    LCD_Init                                 0x08003a4d   Thumb Code 13720  lcd.o(i.LCD_Init)
    LCD_RD_DATA                              0x08006fe5   Thumb Code    20  lcd.o(i.LCD_RD_DATA)
    LCD_ReadReg                              0x08006ff9   Thumb Code    20  lcd.o(i.LCD_ReadReg)
    LCD_SSD_BackLightSet                     0x0800700d   Thumb Code    72  lcd.o(i.LCD_SSD_BackLightSet)
    LCD_Scan_Dir                             0x0800705d   Thumb Code   510  lcd.o(i.LCD_Scan_Dir)
    LCD_SetCursor                            0x08007261   Thumb Code   344  lcd.o(i.LCD_SetCursor)
    LCD_ShowChar                             0x080073bd   Thumb Code   190  lcd.o(i.LCD_ShowChar)
    LCD_ShowString                           0x08007491   Thumb Code    84  lcd.o(i.LCD_ShowString)
    LCD_WR_DATA                              0x080074e5   Thumb Code    24  lcd.o(i.LCD_WR_DATA)
    LCD_WR_REG                               0x080074fd   Thumb Code    24  lcd.o(i.LCD_WR_REG)
    LCD_WriteRAM_Prepare                     0x08007515   Thumb Code    14  lcd.o(i.LCD_WriteRAM_Prepare)
    LCD_WriteReg                             0x08007529   Thumb Code    12  lcd.o(i.LCD_WriteReg)
    MX_ADC1_Init                             0x08007535   Thumb Code   108  adc.o(i.MX_ADC1_Init)
    MX_ADC2_Init                             0x080075ad   Thumb Code   108  adc.o(i.MX_ADC2_Init)
    MX_ADC3_Init                             0x08007625   Thumb Code    86  adc.o(i.MX_ADC3_Init)
    MX_DAC_Init                              0x08007689   Thumb Code    66  dac.o(i.MX_DAC_Init)
    MX_DMA_Init                              0x080076d5   Thumb Code   104  dma.o(i.MX_DMA_Init)
    MX_FSMC_Init                             0x08007741   Thumb Code   104  fsmc.o(i.MX_FSMC_Init)
    MX_GPIO_Init                             0x080077b1   Thumb Code   382  gpio.o(i.MX_GPIO_Init)
    MX_SPI2_Init                             0x0800794d   Thumb Code    60  spi.o(i.MX_SPI2_Init)
    MX_TIM2_Init                             0x08007991   Thumb Code    98  tim.o(i.MX_TIM2_Init)
    MX_TIM3_Init                             0x080079f9   Thumb Code    96  tim.o(i.MX_TIM3_Init)
    MX_USART1_UART_Init                      0x08007a61   Thumb Code    48  usart.o(i.MX_USART1_UART_Init)
    MemManage_Handler                        0x08007a99   Thumb Code     2  stm32f4xx_it.o(i.MemManage_Handler)
    NMI_Handler                              0x08007a9b   Thumb Code     2  stm32f4xx_it.o(i.NMI_Handler)
    PIDRegulation                            0x08007a9d   Thumb Code   182  data_processing.o(i.PIDRegulation)
    PID_int                                  0x08007b59   Thumb Code    58  data_processing.o(i.PID_int)
    PID_power_cap_init                       0x08007ba5   Thumb Code    58  data_processing.o(i.PID_power_cap_init)
    PID_power_out_init                       0x08007bf5   Thumb Code    54  data_processing.o(i.PID_power_out_init)
    PendSV_Handler                           0x08007c39   Thumb Code     2  stm32f4xx_it.o(i.PendSV_Handler)
    Relay_Control                            0x08007c3d   Thumb Code   106  relay_control.o(i.Relay_Control)
    SVC_Handler                              0x08007cb9   Thumb Code     2  stm32f4xx_it.o(i.SVC_Handler)
    Self_Inspection                          0x08007cbd   Thumb Code   570  self_inspection.o(i.Self_Inspection)
    Standard_Deviation                       0x08008025   Thumb Code   152  data_processing.o(i.Standard_Deviation)
    SysTick_Handler                          0x080080bd   Thumb Code     4  stm32f4xx_it.o(i.SysTick_Handler)
    SystemClock_Config                       0x080080c1   Thumb Code   126  main.o(i.SystemClock_Config)
    SystemInit                               0x08008149   Thumb Code    66  system_stm32f4xx.o(i.SystemInit)
    TIM2_IRQHandler                          0x0800819d   Thumb Code     6  stm32f4xx_it.o(i.TIM2_IRQHandler)
    TIM3_IRQHandler                          0x080081a9   Thumb Code     6  stm32f4xx_it.o(i.TIM3_IRQHandler)
    TIM_Base_SetConfig                       0x080081b5   Thumb Code   156  stm32f4xx_hal_tim.o(i.TIM_Base_SetConfig)
    TIM_ETR_SetConfig                        0x0800827d   Thumb Code    20  stm32f4xx_hal_tim.o(i.TIM_ETR_SetConfig)
    USART1_IRQHandler                        0x080087f9   Thumb Code    62  stm32f4xx_it.o(i.USART1_IRQHandler)
    UartSend                                 0x0800884d   Thumb Code   396  uartdata.o(i.UartSend)
    Uout_Convert                             0x08008a11   Thumb Code    42  voltage_calibration.o(i.Uout_Convert)
    UsageFault_Handler                       0x08008a4d   Thumb Code     2  stm32f4xx_it.o(i.UsageFault_Handler)
    __0sprintf                               0x08008a51   Thumb Code    34  printfa.o(i.__0sprintf)
    __1sprintf                               0x08008a51   Thumb Code     0  printfa.o(i.__0sprintf)
    __2sprintf                               0x08008a51   Thumb Code     0  printfa.o(i.__0sprintf)
    __c89sprintf                             0x08008a51   Thumb Code     0  printfa.o(i.__0sprintf)
    sprintf                                  0x08008a51   Thumb Code     0  printfa.o(i.__0sprintf)
    __aeabi_errno_addr                       0x08008a99   Thumb Code     4  errno.o(i.__aeabi_errno_addr)
    __rt_errno_addr                          0x08008a99   Thumb Code     0  errno.o(i.__aeabi_errno_addr)
    __hardfp_sqrt                            0x08008aa1   Thumb Code   122  sqrt.o(i.__hardfp_sqrt)
    __scatterload_copy                       0x08008b1b   Thumb Code    14  handlers.o(i.__scatterload_copy)
    __scatterload_null                       0x08008b29   Thumb Code     2  handlers.o(i.__scatterload_null)
    __scatterload_zeroinit                   0x08008b2b   Thumb Code    14  handlers.o(i.__scatterload_zeroinit)
    __set_errno                              0x08008b39   Thumb Code     6  errno.o(i.__set_errno)
    data_display_adc                         0x08009401   Thumb Code   160  main.o(i.data_display_adc)
    delay_init                               0x080094ad   Thumb Code    38  delay.o(i.delay_init)
    delay_ms                                 0x080094d9   Thumb Code    22  delay.o(i.delay_ms)
    delay_us                                 0x080094f1   Thumb Code    40  delay.o(i.delay_us)
    display                                  0x0800951d   Thumb Code   394  display.o(i.display)
    free                                     0x0800975d   Thumb Code    76  malloc.o(i.free)
    kalmanFilter_A                           0x080097ad   Thumb Code    60  data_processing.o(i.kalmanFilter_A)
    main                                     0x080097ed   Thumb Code   478  main.o(i.main)
    malloc                                   0x08009a5d   Thumb Code    92  malloc.o(i.malloc)
    usart_feedback                           0x08009ac9   Thumb Code   292  main.o(i.usart_feedback)
    AHBPrescTable                            0x08009c34   Data          16  system_stm32f4xx.o(.constdata)
    APBPrescTable                            0x08009c44   Data           8  system_stm32f4xx.o(.constdata)
    asc2_1206                                0x08009c4c   Data        1140  lcd.o(.constdata)
    asc2_1608                                0x0800a0c0   Data        1520  lcd.o(.constdata)
    asc2_2412                                0x0800a6b0   Data        3420  lcd.o(.constdata)
    __ctype_table                            0x0800b40c   Data         129  ctype_o.o(.constdata)
    Region$$Table$$Base                      0x0800b494   Number         0  anon$$obj.o(Region$$Table)
    Region$$Table$$Limit                     0x0800b4b4   Number         0  anon$$obj.o(Region$$Table)
    RelayContro_flag                         0x20000018   Data           1  main.o(.data)
    RelayContro_delay_flag                   0x20000019   Data           1  main.o(.data)
    rx_len                                   0x2000001a   Data           1  main.o(.data)
    recv_end_flag                            0x2000001b   Data           1  main.o(.data)
    BUFFER_SIZE                              0x2000001c   Data           1  main.o(.data)
    usart_flage                              0x2000001d   Data           1  main.o(.data)
    Cap_Hreshold_Voltage_mode                0x2000001e   Data           1  main.o(.data)
    out_ADCxConvertedValue_PA6_IN6           0x20000020   Data           2  main.o(.data)
    out_ADCxConvertedValue_PA7_IN7           0x20000022   Data           2  main.o(.data)
    out_ADCxConvertedValue_PC4_IN14          0x20000024   Data           2  main.o(.data)
    out_ADCxConvertedValue_PA2_IN2           0x20000026   Data           2  main.o(.data)
    out_ADCxConvertedValue_PA0               0x20000028   Data           2  main.o(.data)
    power_set                                0x2000002a   Data           2  main.o(.data)
    flage_display                            0x2000002c   Data           2  main.o(.data)
    flage                                    0x20000030   Data           4  main.o(.data)
    Self_Inspecton_flage                     0x20000034   Data           4  main.o(.data)
    x                                        0x20000054   Data           4  main.o(.data)
    aTxBuffer2                               0x20000058   Data           5  main.o(.data)
    adv1_IN6_real                            0x20000060   Data           8  main.o(.data)
    adv1_IN7_real                            0x20000068   Data           8  main.o(.data)
    adv2_IN2_real                            0x20000070   Data           8  main.o(.data)
    adv2_IN14_real                           0x20000078   Data           8  main.o(.data)
    adv3_real                                0x20000080   Data           8  main.o(.data)
    power_input                              0x20000088   Data           8  main.o(.data)
    power_cap                                0x20000090   Data           8  main.o(.data)
    power_output                             0x20000098   Data           8  main.o(.data)
    aTxBuffer                                0x200000a0   Data          57  main.o(.data)
    sky_animation_mask                       0x200000e4   Data       40000  self_inspection.o(.data)
    uwTickFreq                               0x20009d24   Data           1  stm32f4xx_hal.o(.data)
    uwTickPrio                               0x20009d28   Data           4  stm32f4xx_hal.o(.data)
    uwTick                                   0x20009d2c   Data           4  stm32f4xx_hal.o(.data)
    SystemCoreClock                          0x20009d30   Data           4  system_stm32f4xx.o(.data)
    POINT_COLOR                              0x20009d34   Data           2  lcd.o(.data)
    BACK_COLOR                               0x20009d36   Data           2  lcd.o(.data)
    __microlib_freelist                      0x20009d38   Data           4  mvars.o(.data)
    __microlib_freelist_initialised          0x20009d3c   Data           4  mvars.o(.data)
    lcd_buffer1                              0x20009d44   Data          30  display.o(.bss)
    uhADCxConvertedValue_ADC1                0x20009d64   Data          20  main.o(.bss)
    uhADCxConvertedValue_PA6_IN6             0x20009d78   Data          20  main.o(.bss)
    uhADCxConvertedValue_PA7_IN7             0x20009d8c   Data          20  main.o(.bss)
    uhADCxConvertedValue_ADC2                0x20009da0   Data          20  main.o(.bss)
    uhADCxConvertedValue_PC4_IN14            0x20009db4   Data          20  main.o(.bss)
    uhADCxConvertedValue_PA2_IN2             0x20009dc8   Data          20  main.o(.bss)
    uhADCxConvertedValue_PA0                 0x20009ddc   Data          20  main.o(.bss)
    Waveform_Date1                           0x20009df0   Data         800  main.o(.bss)
    Waveform_Date2                           0x2000a110   Data         800  main.o(.bss)
    aRxBuffer1                               0x2000a430   Data         100  main.o(.bss)
    aTxBuffer1                               0x2000a494   Data          10  main.o(.bss)
    Frames                                   0x2000a49e   Data          15  main.o(.bss)
    pid                                      0x2000a4b0   Data          36  main.o(.bss)
    pid_power_cap                            0x2000a4d4   Data          36  main.o(.bss)
    pid_power_out                            0x2000a4f8   Data          36  main.o(.bss)
    hadc1                                    0x2000a51c   Data          72  adc.o(.bss)
    hadc2                                    0x2000a564   Data          72  adc.o(.bss)
    hadc3                                    0x2000a5ac   Data          72  adc.o(.bss)
    hdma_adc1                                0x2000a5f4   Data          96  adc.o(.bss)
    hdma_adc2                                0x2000a654   Data          96  adc.o(.bss)
    hdma_adc3                                0x2000a6b4   Data          96  adc.o(.bss)
    hdac                                     0x2000a714   Data          20  dac.o(.bss)
    hsram1                                   0x2000a728   Data          80  fsmc.o(.bss)
    hspi2                                    0x2000a778   Data          88  spi.o(.bss)
    htim2                                    0x2000a7d0   Data          64  tim.o(.bss)
    htim3                                    0x2000a810   Data          64  tim.o(.bss)
    huart1                                   0x2000a850   Data          64  usart.o(.bss)
    hdma_usart1_rx                           0x2000a890   Data          96  usart.o(.bss)
    hdma_usart1_tx                           0x2000a8f0   Data          96  usart.o(.bss)
    lcddev                                   0x2000a950   Data          14  lcd.o(.bss)
    __heap_base                              0x2000a960   Data           0  startup_stm32f407xx.o(HEAP)
    __heap_limit                             0x2000ab60   Data           0  startup_stm32f407xx.o(HEAP)
    __initial_sp                             0x2000af60   Data           0  startup_stm32f407xx.o(STACK)



==============================================================================

Memory Map of the image

  Image Entry point : 0x08000189

  Load Region LR_IROM1 (Base: 0x08000000, Size: 0x000151f8, Max: 0x00080000, ABSOLUTE, COMPRESSED[0x0000d1ac])

    Execution Region ER_IROM1 (Exec base: 0x08000000, Load base: 0x08000000, Size: 0x0000b4b4, Max: 0x00080000, ABSOLUTE)

    Exec Addr    Load Addr    Size         Type   Attr      Idx    E Section Name        Object

    0x08000000   0x08000000   0x00000188   Data   RO            3    RESET               startup_stm32f407xx.o
    0x08000188   0x08000188   0x00000000   Code   RO         4857  * .ARM.Collect$$$$00000000  mc_w.l(entry.o)
    0x08000188   0x08000188   0x00000004   Code   RO         5181    .ARM.Collect$$$$00000001  mc_w.l(entry2.o)
    0x0800018c   0x0800018c   0x00000004   Code   RO         5184    .ARM.Collect$$$$00000004  mc_w.l(entry5.o)
    0x08000190   0x08000190   0x00000000   Code   RO         5186    .ARM.Collect$$$$00000008  mc_w.l(entry7b.o)
    0x08000190   0x08000190   0x00000000   Code   RO         5188    .ARM.Collect$$$$0000000A  mc_w.l(entry8b.o)
    0x08000190   0x08000190   0x00000008   Code   RO         5189    .ARM.Collect$$$$0000000B  mc_w.l(entry9a.o)
    0x08000198   0x08000198   0x00000000   Code   RO         5191    .ARM.Collect$$$$0000000D  mc_w.l(entry10a.o)
    0x08000198   0x08000198   0x00000000   Code   RO         5193    .ARM.Collect$$$$0000000F  mc_w.l(entry11a.o)
    0x08000198   0x08000198   0x00000004   Code   RO         5182    .ARM.Collect$$$$00002712  mc_w.l(entry2.o)
    0x0800019c   0x0800019c   0x00000024   Code   RO            4    .text               startup_stm32f407xx.o
    0x080001c0   0x080001c0   0x00000062   Code   RO         4860    .text               mc_w.l(uldiv.o)
    0x08000222   0x08000222   0x00000024   Code   RO         4862    .text               mc_w.l(memseta.o)
    0x08000246   0x08000246   0x0000000e   Code   RO         4864    .text               mc_w.l(strlen.o)
    0x08000254   0x08000254   0x0000001a   Code   RO         4866    .text               mc_w.l(memcmp.o)
    0x0800026e   0x0800026e   0x0000001a   Code   RO         5157    .text               mc_w.l(atoi.o)
    0x08000288   0x08000288   0x0000014e   Code   RO         5159    .text               mf_w.l(dadd.o)
    0x080003d6   0x080003d6   0x000000e4   Code   RO         5161    .text               mf_w.l(dmul.o)
    0x080004ba   0x080004ba   0x000000de   Code   RO         5163    .text               mf_w.l(ddiv.o)
    0x08000598   0x08000598   0x00000022   Code   RO         5165    .text               mf_w.l(dflti.o)
    0x080005ba   0x080005ba   0x0000001a   Code   RO         5167    .text               mf_w.l(dfltui.o)
    0x080005d4   0x080005d4   0x0000003e   Code   RO         5169    .text               mf_w.l(dfixi.o)
    0x08000612   0x08000612   0x00000032   Code   RO         5171    .text               mf_w.l(dfixui.o)
    0x08000644   0x08000644   0x00000026   Code   RO         5173    .text               mf_w.l(f2d.o)
    0x0800066a   0x0800066a   0x00000002   PAD
    0x0800066c   0x0800066c   0x00000030   Code   RO         5175    .text               mf_w.l(cdcmple.o)
    0x0800069c   0x0800069c   0x00000030   Code   RO         5177    .text               mf_w.l(cdrcmple.o)
    0x080006cc   0x080006cc   0x00000038   Code   RO         5179    .text               mf_w.l(d2f.o)
    0x08000704   0x08000704   0x0000002c   Code   RO         5196    .text               mc_w.l(uidiv.o)
    0x08000730   0x08000730   0x0000001e   Code   RO         5198    .text               mc_w.l(llshl.o)
    0x0800074e   0x0800074e   0x00000020   Code   RO         5200    .text               mc_w.l(llushr.o)
    0x0800076e   0x0800076e   0x00000024   Code   RO         5202    .text               mc_w.l(llsshr.o)
    0x08000792   0x08000792   0x00000070   Code   RO         5217    .text               mc_w.l(strtol.o)
    0x08000802   0x08000802   0x00000000   Code   RO         5219    .text               mc_w.l(iusefp.o)
    0x08000802   0x08000802   0x0000006e   Code   RO         5220    .text               mf_w.l(fepilogue.o)
    0x08000870   0x08000870   0x000000ba   Code   RO         5222    .text               mf_w.l(depilogue.o)
    0x0800092a   0x0800092a   0x000000a2   Code   RO         5224    .text               mf_w.l(dsqrt.o)
    0x080009cc   0x080009cc   0x00000030   Code   RO         5226    .text               mf_w.l(dfixul.o)
    0x080009fc   0x080009fc   0x00000024   Code   RO         5228    .text               mc_w.l(init.o)
    0x08000a20   0x08000a20   0x00000008   Code   RO         5230    .text               mc_w.l(ctype_o.o)
    0x08000a28   0x08000a28   0x0000009e   Code   RO         5258    .text               mc_w.l(_strtoul.o)
    0x08000ac6   0x08000ac6   0x0000001c   Code   RO         5260    .text               mc_w.l(_chval.o)
    0x08000ae2   0x08000ae2   0x0000005e   Code   RO         5270    .text               mc_w.l(__dclz77c.o)
    0x08000b40   0x08000b40   0x0000006e   Code   RO         1113    i.ADC_DMAConvCplt   stm32f4xx_hal_adc.o
    0x08000bae   0x08000bae   0x00000016   Code   RO         1114    i.ADC_DMAError      stm32f4xx_hal_adc.o
    0x08000bc4   0x08000bc4   0x0000000a   Code   RO         1115    i.ADC_DMAHalfConvCplt  stm32f4xx_hal_adc.o
    0x08000bce   0x08000bce   0x00000002   PAD
    0x08000bd0   0x08000bd0   0x00000024   Code   RO          871    i.ADC_IRQHandler    stm32f4xx_it.o
    0x08000bf4   0x08000bf4   0x00000128   Code   RO         1116    i.ADC_Init          stm32f4xx_hal_adc.o
    0x08000d1c   0x08000d1c   0x00000104   Code   RO          258    i.AGV_Remove_the_Ross_Error  data_processing.o
    0x08000e20   0x08000e20   0x0000001e   Code   RO          259    i.Average_Value     data_processing.o
    0x08000e3e   0x08000e3e   0x00000002   Code   RO          872    i.BusFault_Handler  stm32f4xx_it.o
    0x08000e40   0x08000e40   0x000005f8   Code   RO          415    i.Control_Program   main.o
    0x08001438   0x08001438   0x0000000c   Code   RO          873    i.DMA2_Stream0_IRQHandler  stm32f4xx_it.o
    0x08001444   0x08001444   0x0000000c   Code   RO          874    i.DMA2_Stream1_IRQHandler  stm32f4xx_it.o
    0x08001450   0x08001450   0x0000000c   Code   RO          875    i.DMA2_Stream2_IRQHandler  stm32f4xx_it.o
    0x0800145c   0x0800145c   0x0000000c   Code   RO          876    i.DMA2_Stream3_IRQHandler  stm32f4xx_it.o
    0x08001468   0x08001468   0x0000000c   Code   RO          877    i.DMA2_Stream7_IRQHandler  stm32f4xx_it.o
    0x08001474   0x08001474   0x00000028   Code   RO         3894    i.DMA_CalcBaseAndBitshift  stm32f4xx_hal_dma.o
    0x0800149c   0x0800149c   0x00000054   Code   RO         3895    i.DMA_CheckFifoParam  stm32f4xx_hal_dma.o
    0x080014f0   0x080014f0   0x00000028   Code   RO         3896    i.DMA_SetConfig     stm32f4xx_hal_dma.o
    0x08001518   0x08001518   0x00000002   Code   RO          878    i.DebugMon_Handler  stm32f4xx_it.o
    0x0800151a   0x0800151a   0x00000006   Code   RO          879    i.EXTI2_IRQHandler  stm32f4xx_it.o
    0x08001520   0x08001520   0x00000006   Code   RO          880    i.EXTI3_IRQHandler  stm32f4xx_it.o
    0x08001526   0x08001526   0x00000006   Code   RO          881    i.EXTI4_IRQHandler  stm32f4xx_it.o
    0x0800152c   0x0800152c   0x00000034   Code   RO          171    i.EXTI_CALLBACK_key1  exti_callback.o
    0x08001560   0x08001560   0x0000004c   Code   RO          172    i.EXTI_CALLBACK_key2  exti_callback.o
    0x080015ac   0x080015ac   0x00000084   Code   RO          173    i.EXTI_CALLBACK_key3  exti_callback.o
    0x08001630   0x08001630   0x00000002   Code   RO          174    i.EXTI_CALLBACK_key4  exti_callback.o
    0x08001632   0x08001632   0x00000002   Code   RO          416    i.Error_Handler     main.o
    0x08001634   0x08001634   0x00000040   Code   RO         1621    i.FSMC_NORSRAM_Extended_Timing_Init  stm32f4xx_ll_fsmc.o
    0x08001674   0x08001674   0x00000054   Code   RO         1622    i.FSMC_NORSRAM_Init  stm32f4xx_ll_fsmc.o
    0x080016c8   0x080016c8   0x00000044   Code   RO         1623    i.FSMC_NORSRAM_Timing_Init  stm32f4xx_ll_fsmc.o
    0x0800170c   0x0800170c   0x0000003e   Code   RO          417    i.Frames_init       main.o
    0x0800174a   0x0800174a   0x00000002   Code   RO         1287    i.HAL_ADCEx_InjectedConvCpltCallback  stm32f4xx_hal_adc_ex.o
    0x0800174c   0x0800174c   0x0000014c   Code   RO         1118    i.HAL_ADC_ConfigChannel  stm32f4xx_hal_adc.o
    0x08001898   0x08001898   0x00000002   Code   RO          418    i.HAL_ADC_ConvCpltCallback  main.o
    0x0800189a   0x0800189a   0x00000002   Code   RO         1120    i.HAL_ADC_ConvHalfCpltCallback  stm32f4xx_hal_adc.o
    0x0800189c   0x0800189c   0x00000002   Code   RO         1122    i.HAL_ADC_ErrorCallback  stm32f4xx_hal_adc.o
    0x0800189e   0x0800189e   0x0000013c   Code   RO         1126    i.HAL_ADC_IRQHandler  stm32f4xx_hal_adc.o
    0x080019da   0x080019da   0x00000054   Code   RO         1127    i.HAL_ADC_Init      stm32f4xx_hal_adc.o
    0x08001a2e   0x08001a2e   0x00000002   Code   RO         1128    i.HAL_ADC_LevelOutOfWindowCallback  stm32f4xx_hal_adc.o
    0x08001a30   0x08001a30   0x000001b0   Code   RO          572    i.HAL_ADC_MspInit   adc.o
    0x08001be0   0x08001be0   0x00000130   Code   RO         1134    i.HAL_ADC_Start_DMA  stm32f4xx_hal_adc.o
    0x08001d10   0x08001d10   0x00000058   Code   RO         1137    i.HAL_ADC_Stop_DMA  stm32f4xx_hal_adc.o
    0x08001d68   0x08001d68   0x00000042   Code   RO         1391    i.HAL_DAC_ConfigChannel  stm32f4xx_hal_dac.o
    0x08001daa   0x08001daa   0x00000028   Code   RO         1401    i.HAL_DAC_Init      stm32f4xx_hal_dac.o
    0x08001dd2   0x08001dd2   0x00000002   PAD
    0x08001dd4   0x08001dd4   0x00000060   Code   RO          626    i.HAL_DAC_MspInit   dac.o
    0x08001e34   0x08001e34   0x0000001a   Code   RO         1404    i.HAL_DAC_SetValue  stm32f4xx_hal_dac.o
    0x08001e4e   0x08001e4e   0x0000006c   Code   RO         1405    i.HAL_DAC_Start     stm32f4xx_hal_dac.o
    0x08001eba   0x08001eba   0x0000008e   Code   RO         3897    i.HAL_DMA_Abort     stm32f4xx_hal_dma.o
    0x08001f48   0x08001f48   0x00000024   Code   RO         3898    i.HAL_DMA_Abort_IT  stm32f4xx_hal_dma.o
    0x08001f6c   0x08001f6c   0x000001a0   Code   RO         3902    i.HAL_DMA_IRQHandler  stm32f4xx_hal_dma.o
    0x0800210c   0x0800210c   0x000000d4   Code   RO         3903    i.HAL_DMA_Init      stm32f4xx_hal_dma.o
    0x080021e0   0x080021e0   0x00000078   Code   RO         3907    i.HAL_DMA_Start_IT  stm32f4xx_hal_dma.o
    0x08002258   0x08002258   0x000000a8   Code   RO          691    i.HAL_FSMC_MspInit  fsmc.o
    0x08002300   0x08002300   0x00000024   Code   RO          419    i.HAL_GPIO_EXTI_Callback  main.o
    0x08002324   0x08002324   0x00000018   Code   RO         3789    i.HAL_GPIO_EXTI_IRQHandler  stm32f4xx_hal_gpio.o
    0x0800233c   0x0800233c   0x000001b0   Code   RO         3790    i.HAL_GPIO_Init     stm32f4xx_hal_gpio.o
    0x080024ec   0x080024ec   0x0000000a   Code   RO         3792    i.HAL_GPIO_ReadPin  stm32f4xx_hal_gpio.o
    0x080024f6   0x080024f6   0x0000000a   Code   RO         3794    i.HAL_GPIO_WritePin  stm32f4xx_hal_gpio.o
    0x08002500   0x08002500   0x0000000c   Code   RO         4322    i.HAL_GetTick       stm32f4xx_hal.o
    0x0800250c   0x0800250c   0x00000010   Code   RO         4328    i.HAL_IncTick       stm32f4xx_hal.o
    0x0800251c   0x0800251c   0x00000034   Code   RO         4329    i.HAL_Init          stm32f4xx_hal.o
    0x08002550   0x08002550   0x00000040   Code   RO         4330    i.HAL_InitTick      stm32f4xx_hal.o
    0x08002590   0x08002590   0x00000030   Code   RO         1019    i.HAL_MspInit       stm32f4xx_hal_msp.o
    0x080025c0   0x080025c0   0x0000001a   Code   RO         4179    i.HAL_NVIC_EnableIRQ  stm32f4xx_hal_cortex.o
    0x080025da   0x080025da   0x00000002   PAD
    0x080025dc   0x080025dc   0x00000040   Code   RO         4185    i.HAL_NVIC_SetPriority  stm32f4xx_hal_cortex.o
    0x0800261c   0x0800261c   0x00000024   Code   RO         4186    i.HAL_NVIC_SetPriorityGrouping  stm32f4xx_hal_cortex.o
    0x08002640   0x08002640   0x00000130   Code   RO         3436    i.HAL_RCC_ClockConfig  stm32f4xx_hal_rcc.o
    0x08002770   0x08002770   0x00000020   Code   RO         3443    i.HAL_RCC_GetPCLK1Freq  stm32f4xx_hal_rcc.o
    0x08002790   0x08002790   0x00000020   Code   RO         3444    i.HAL_RCC_GetPCLK2Freq  stm32f4xx_hal_rcc.o
    0x080027b0   0x080027b0   0x00000060   Code   RO         3445    i.HAL_RCC_GetSysClockFreq  stm32f4xx_hal_rcc.o
    0x08002810   0x08002810   0x0000031c   Code   RO         3448    i.HAL_RCC_OscConfig  stm32f4xx_hal_rcc.o
    0x08002b2c   0x08002b2c   0x00000080   Code   RO         1870    i.HAL_SPI_Init      stm32f4xx_hal_spi.o
    0x08002bac   0x08002bac   0x0000008c   Code   RO          740    i.HAL_SPI_MspInit   spi.o
    0x08002c38   0x08002c38   0x00000056   Code   RO         1743    i.HAL_SRAM_Init     stm32f4xx_hal_sram.o
    0x08002c8e   0x08002c8e   0x00000004   Code   RO          693    i.HAL_SRAM_MspInit  fsmc.o
    0x08002c92   0x08002c92   0x00000028   Code   RO         4190    i.HAL_SYSTICK_Config  stm32f4xx_hal_cortex.o
    0x08002cba   0x08002cba   0x00000002   Code   RO         2858    i.HAL_TIMEx_BreakCallback  stm32f4xx_hal_tim_ex.o
    0x08002cbc   0x08002cbc   0x00000002   Code   RO         2859    i.HAL_TIMEx_CommutCallback  stm32f4xx_hal_tim_ex.o
    0x08002cbe   0x08002cbe   0x00000042   Code   RO         2876    i.HAL_TIMEx_MasterConfigSynchronization  stm32f4xx_hal_tim_ex.o
    0x08002d00   0x08002d00   0x00000036   Code   RO         2183    i.HAL_TIM_Base_Init  stm32f4xx_hal_tim.o
    0x08002d36   0x08002d36   0x00000002   PAD
    0x08002d38   0x08002d38   0x00000060   Code   RO          782    i.HAL_TIM_Base_MspInit  tim.o
    0x08002d98   0x08002d98   0x00000022   Code   RO         2188    i.HAL_TIM_Base_Start_IT  stm32f4xx_hal_tim.o
    0x08002dba   0x08002dba   0x000000d6   Code   RO         2192    i.HAL_TIM_ConfigClockSource  stm32f4xx_hal_tim.o
    0x08002e90   0x08002e90   0x00000002   Code   RO         2212    i.HAL_TIM_IC_CaptureCallback  stm32f4xx_hal_tim.o
    0x08002e92   0x08002e92   0x00000166   Code   RO         2226    i.HAL_TIM_IRQHandler  stm32f4xx_hal_tim.o
    0x08002ff8   0x08002ff8   0x00000002   Code   RO         2229    i.HAL_TIM_OC_DelayElapsedCallback  stm32f4xx_hal_tim.o
    0x08002ffa   0x08002ffa   0x00000002   Code   RO         2256    i.HAL_TIM_PWM_PulseFinishedCallback  stm32f4xx_hal_tim.o
    0x08002ffc   0x08002ffc   0x00000070   Code   RO          420    i.HAL_TIM_PeriodElapsedCallback  main.o
    0x0800306c   0x0800306c   0x00000002   Code   RO         2269    i.HAL_TIM_TriggerCallback  stm32f4xx_hal_tim.o
    0x0800306e   0x0800306e   0x00000058   Code   RO         3128    i.HAL_UART_DMAStop  stm32f4xx_hal_uart.o
    0x080030c6   0x080030c6   0x00000002   Code   RO         3130    i.HAL_UART_ErrorCallback  stm32f4xx_hal_uart.o
    0x080030c8   0x080030c8   0x00000110   Code   RO         3133    i.HAL_UART_IRQHandler  stm32f4xx_hal_uart.o
    0x080031d8   0x080031d8   0x00000062   Code   RO         3134    i.HAL_UART_Init     stm32f4xx_hal_uart.o
    0x0800323a   0x0800323a   0x00000002   PAD
    0x0800323c   0x0800323c   0x000000f0   Code   RO          830    i.HAL_UART_MspInit  usart.o
    0x0800332c   0x0800332c   0x00000098   Code   RO         3138    i.HAL_UART_Receive_DMA  stm32f4xx_hal_uart.o
    0x080033c4   0x080033c4   0x00000002   Code   RO         3140    i.HAL_UART_RxCpltCallback  stm32f4xx_hal_uart.o
    0x080033c6   0x080033c6   0x00000002   Code   RO         3141    i.HAL_UART_RxHalfCpltCallback  stm32f4xx_hal_uart.o
    0x080033c8   0x080033c8   0x000000ba   Code   RO         3142    i.HAL_UART_Transmit  stm32f4xx_hal_uart.o
    0x08003482   0x08003482   0x00000002   PAD
    0x08003484   0x08003484   0x00000080   Code   RO         3143    i.HAL_UART_Transmit_DMA  stm32f4xx_hal_uart.o
    0x08003504   0x08003504   0x00000002   Code   RO         3145    i.HAL_UART_TxCpltCallback  stm32f4xx_hal_uart.o
    0x08003506   0x08003506   0x00000002   Code   RO         3146    i.HAL_UART_TxHalfCpltCallback  stm32f4xx_hal_uart.o
    0x08003508   0x08003508   0x00000002   Code   RO          882    i.HardFault_Handler  stm32f4xx_it.o
    0x0800350a   0x0800350a   0x00000002   PAD
    0x0800350c   0x0800350c   0x00000068   Code   RO         4631    i.LCD_Clear         lcd.o
    0x08003574   0x08003574   0x00000058   Code   RO         4632    i.LCD_Color_Fill    lcd.o
    0x080035cc   0x080035cc   0x00000044   Code   RO         4633    i.LCD_DisplayOff    lcd.o
    0x08003610   0x08003610   0x00000048   Code   RO         4634    i.LCD_DisplayOn     lcd.o
    0x08003658   0x08003658   0x00000134   Code   RO         4635    i.LCD_Display_Dir   lcd.o
    0x0800378c   0x0800378c   0x0000009a   Code   RO         4636    i.LCD_DrawLine      lcd.o
    0x08003826   0x08003826   0x00000002   PAD
    0x08003828   0x08003828   0x0000001c   Code   RO         4637    i.LCD_DrawPoint     lcd.o
    0x08003844   0x08003844   0x000000ec   Code   RO         4640    i.LCD_Draw_Output_waveform  lcd.o
    0x08003930   0x08003930   0x0000011c   Code   RO         4642    i.LCD_Fast_DrawPoint  lcd.o
    0x08003a4c   0x08003a4c   0x00003598   Code   RO         4644    i.LCD_Init          lcd.o
    0x08006fe4   0x08006fe4   0x00000014   Code   RO         4646    i.LCD_RD_DATA       lcd.o
    0x08006ff8   0x08006ff8   0x00000014   Code   RO         4648    i.LCD_ReadReg       lcd.o
    0x0800700c   0x0800700c   0x00000050   Code   RO         4649    i.LCD_SSD_BackLightSet  lcd.o
    0x0800705c   0x0800705c   0x00000204   Code   RO         4650    i.LCD_Scan_Dir      lcd.o
    0x08007260   0x08007260   0x0000015c   Code   RO         4651    i.LCD_SetCursor     lcd.o
    0x080073bc   0x080073bc   0x000000d4   Code   RO         4653    i.LCD_ShowChar      lcd.o
    0x08007490   0x08007490   0x00000054   Code   RO         4655    i.LCD_ShowString    lcd.o
    0x080074e4   0x080074e4   0x00000018   Code   RO         4657    i.LCD_WR_DATA       lcd.o
    0x080074fc   0x080074fc   0x00000018   Code   RO         4658    i.LCD_WR_REG        lcd.o
    0x08007514   0x08007514   0x00000014   Code   RO         4660    i.LCD_WriteRAM_Prepare  lcd.o
    0x08007528   0x08007528   0x0000000c   Code   RO         4661    i.LCD_WriteReg      lcd.o
    0x08007534   0x08007534   0x00000078   Code   RO          573    i.MX_ADC1_Init      adc.o
    0x080075ac   0x080075ac   0x00000078   Code   RO          574    i.MX_ADC2_Init      adc.o
    0x08007624   0x08007624   0x00000064   Code   RO          575    i.MX_ADC3_Init      adc.o
    0x08007688   0x08007688   0x0000004c   Code   RO          627    i.MX_DAC_Init       dac.o
    0x080076d4   0x080076d4   0x0000006c   Code   RO          667    i.MX_DMA_Init       dma.o
    0x08007740   0x08007740   0x00000070   Code   RO          694    i.MX_FSMC_Init      fsmc.o
    0x080077b0   0x080077b0   0x0000019c   Code   RO          547    i.MX_GPIO_Init      gpio.o
    0x0800794c   0x0800794c   0x00000044   Code   RO          741    i.MX_SPI2_Init      spi.o
    0x08007990   0x08007990   0x00000068   Code   RO          783    i.MX_TIM2_Init      tim.o
    0x080079f8   0x080079f8   0x00000068   Code   RO          784    i.MX_TIM3_Init      tim.o
    0x08007a60   0x08007a60   0x00000038   Code   RO          831    i.MX_USART1_UART_Init  usart.o
    0x08007a98   0x08007a98   0x00000002   Code   RO          883    i.MemManage_Handler  stm32f4xx_it.o
    0x08007a9a   0x08007a9a   0x00000002   Code   RO          884    i.NMI_Handler       stm32f4xx_it.o
    0x08007a9c   0x08007a9c   0x000000bc   Code   RO          260    i.PIDRegulation     data_processing.o
    0x08007b58   0x08007b58   0x0000004c   Code   RO          261    i.PID_int           data_processing.o
    0x08007ba4   0x08007ba4   0x00000050   Code   RO          262    i.PID_power_cap_init  data_processing.o
    0x08007bf4   0x08007bf4   0x00000044   Code   RO          263    i.PID_power_out_init  data_processing.o
    0x08007c38   0x08007c38   0x00000002   Code   RO          885    i.PendSV_Handler    stm32f4xx_it.o
    0x08007c3a   0x08007c3a   0x00000002   PAD
    0x08007c3c   0x08007c3c   0x0000007c   Code   RO         4602    i.Relay_Control     relay_control.o
    0x08007cb8   0x08007cb8   0x00000002   Code   RO          886    i.SVC_Handler       stm32f4xx_it.o
    0x08007cba   0x08007cba   0x00000002   PAD
    0x08007cbc   0x08007cbc   0x00000368   Code   RO         1075    i.Self_Inspection   self_inspection.o
    0x08008024   0x08008024   0x00000098   Code   RO          264    i.Standard_Deviation  data_processing.o
    0x080080bc   0x080080bc   0x00000004   Code   RO          887    i.SysTick_Handler   stm32f4xx_it.o
    0x080080c0   0x080080c0   0x00000088   Code   RO          421    i.SystemClock_Config  main.o
    0x08008148   0x08008148   0x00000054   Code   RO         4565    i.SystemInit        system_stm32f4xx.o
    0x0800819c   0x0800819c   0x0000000c   Code   RO          888    i.TIM2_IRQHandler   stm32f4xx_it.o
    0x080081a8   0x080081a8   0x0000000c   Code   RO          889    i.TIM3_IRQHandler   stm32f4xx_it.o
    0x080081b4   0x080081b4   0x000000c8   Code   RO         2271    i.TIM_Base_SetConfig  stm32f4xx_hal_tim.o
    0x0800827c   0x0800827c   0x00000014   Code   RO         2282    i.TIM_ETR_SetConfig  stm32f4xx_hal_tim.o
    0x08008290   0x08008290   0x00000010   Code   RO         2283    i.TIM_ITRx_SetConfig  stm32f4xx_hal_tim.o
    0x080082a0   0x080082a0   0x00000022   Code   RO         2289    i.TIM_TI1_ConfigInputStage  stm32f4xx_hal_tim.o
    0x080082c2   0x080082c2   0x00000024   Code   RO         2291    i.TIM_TI2_ConfigInputStage  stm32f4xx_hal_tim.o
    0x080082e6   0x080082e6   0x00000010   Code   RO         3147    i.UART_DMAAbortOnError  stm32f4xx_hal_uart.o
    0x080082f6   0x080082f6   0x0000004a   Code   RO         3148    i.UART_DMAError     stm32f4xx_hal_uart.o
    0x08008340   0x08008340   0x0000003c   Code   RO         3149    i.UART_DMAReceiveCplt  stm32f4xx_hal_uart.o
    0x0800837c   0x0800837c   0x0000000a   Code   RO         3151    i.UART_DMARxHalfCplt  stm32f4xx_hal_uart.o
    0x08008386   0x08008386   0x0000002e   Code   RO         3153    i.UART_DMATransmitCplt  stm32f4xx_hal_uart.o
    0x080083b4   0x080083b4   0x0000000a   Code   RO         3155    i.UART_DMATxHalfCplt  stm32f4xx_hal_uart.o
    0x080083be   0x080083be   0x0000001c   Code   RO         3157    i.UART_EndRxTransfer  stm32f4xx_hal_uart.o
    0x080083da   0x080083da   0x00000012   Code   RO         3158    i.UART_EndTxTransfer  stm32f4xx_hal_uart.o
    0x080083ec   0x080083ec   0x00000096   Code   RO         3159    i.UART_Receive_IT   stm32f4xx_hal_uart.o
    0x08008482   0x08008482   0x00000002   PAD
    0x08008484   0x08008484   0x000002ac   Code   RO         3160    i.UART_SetConfig    stm32f4xx_hal_uart.o
    0x08008730   0x08008730   0x00000062   Code   RO         3161    i.UART_Transmit_IT  stm32f4xx_hal_uart.o
    0x08008792   0x08008792   0x00000064   Code   RO         3162    i.UART_WaitOnFlagUntilTimeout  stm32f4xx_hal_uart.o
    0x080087f6   0x080087f6   0x00000002   PAD
    0x080087f8   0x080087f8   0x00000054   Code   RO          890    i.USART1_IRQHandler  stm32f4xx_it.o
    0x0800884c   0x0800884c   0x000001c4   Code   RO         1043    i.UartSend          uartdata.o
    0x08008a10   0x08008a10   0x0000003c   Code   RO          334    i.Uout_Convert      voltage_calibration.o
    0x08008a4c   0x08008a4c   0x00000002   Code   RO          891    i.UsageFault_Handler  stm32f4xx_it.o
    0x08008a4e   0x08008a4e   0x00000002   PAD
    0x08008a50   0x08008a50   0x00000028   Code   RO         5103    i.__0sprintf        mc_w.l(printfa.o)
    0x08008a78   0x08008a78   0x00000020   Code   RO         4192    i.__NVIC_SetPriority  stm32f4xx_hal_cortex.o
    0x08008a98   0x08008a98   0x00000008   Code   RO         5210    i.__aeabi_errno_addr  mc_w.l(errno.o)
    0x08008aa0   0x08008aa0   0x0000007a   Code   RO         4845    i.__hardfp_sqrt     m_wm.l(sqrt.o)
    0x08008b1a   0x08008b1a   0x0000000e   Code   RO         5264    i.__scatterload_copy  mc_w.l(handlers.o)
    0x08008b28   0x08008b28   0x00000002   Code   RO         5265    i.__scatterload_null  mc_w.l(handlers.o)
    0x08008b2a   0x08008b2a   0x0000000e   Code   RO         5266    i.__scatterload_zeroinit  mc_w.l(handlers.o)
    0x08008b38   0x08008b38   0x0000000c   Code   RO         5212    i.__set_errno       mc_w.l(errno.o)
    0x08008b44   0x08008b44   0x00000184   Code   RO         5108    i._fp_digits        mc_w.l(printfa.o)
    0x08008cc8   0x08008cc8   0x000006dc   Code   RO         5109    i._printf_core      mc_w.l(printfa.o)
    0x080093a4   0x080093a4   0x00000024   Code   RO         5110    i._printf_post_padding  mc_w.l(printfa.o)
    0x080093c8   0x080093c8   0x0000002e   Code   RO         5111    i._printf_pre_padding  mc_w.l(printfa.o)
    0x080093f6   0x080093f6   0x0000000a   Code   RO         5113    i._sputc            mc_w.l(printfa.o)
    0x08009400   0x08009400   0x000000ac   Code   RO          422    i.data_display_adc  main.o
    0x080094ac   0x080094ac   0x0000002c   Code   RO           13    i.delay_init        delay.o
    0x080094d8   0x080094d8   0x00000016   Code   RO           14    i.delay_ms          delay.o
    0x080094ee   0x080094ee   0x00000002   PAD
    0x080094f0   0x080094f0   0x0000002c   Code   RO           15    i.delay_us          delay.o
    0x0800951c   0x0800951c   0x00000240   Code   RO          383    i.display           display.o
    0x0800975c   0x0800975c   0x00000050   Code   RO         5129    i.free              mc_w.l(malloc.o)
    0x080097ac   0x080097ac   0x00000040   Code   RO          265    i.kalmanFilter_A    data_processing.o
    0x080097ec   0x080097ec   0x00000270   Code   RO          424    i.main              main.o
    0x08009a5c   0x08009a5c   0x0000006c   Code   RO         5130    i.malloc            mc_w.l(malloc.o)
    0x08009ac8   0x08009ac8   0x00000164   Code   RO          425    i.usart_feedback    main.o
    0x08009c2c   0x08009c2c   0x00000008   Data   RO         3909    .constdata          stm32f4xx_hal_dma.o
    0x08009c34   0x08009c34   0x00000010   Data   RO         4566    .constdata          system_stm32f4xx.o
    0x08009c44   0x08009c44   0x00000008   Data   RO         4567    .constdata          system_stm32f4xx.o
    0x08009c4c   0x08009c4c   0x000017c0   Data   RO         4664    .constdata          lcd.o
    0x0800b40c   0x0800b40c   0x00000081   Data   RO         5231    .constdata          mc_w.l(ctype_o.o)
    0x0800b48d   0x0800b48d   0x00000003   PAD
    0x0800b490   0x0800b490   0x00000004   Data   RO         5232    .constdata          mc_w.l(ctype_o.o)
    0x0800b494   0x0800b494   0x00000020   Data   RO         5262    Region$$Table       anon$$obj.o


    Execution Region RW_IRAM1 (Exec base: 0x20000000, Load base: 0x0800b4b4, Size: 0x0000af60, Max: 0x00020000, ABSOLUTE, COMPRESSED[0x00001cf8])

    Exec Addr    Load Addr    Size         Type   Attr      Idx    E Section Name        Object

    0x20000000   COMPRESSED   0x00000004   Data   RW           16    .data               delay.o
    0x20000004   COMPRESSED   0x00000010   Data   RW          266    .data               data_processing.o
    0x20000014   COMPRESSED   0x00000004   PAD
    0x20000018   COMPRESSED   0x000000c1   Data   RW          428    .data               main.o
    0x200000d9   COMPRESSED   0x00000003   PAD
    0x200000dc   COMPRESSED   0x00000008   Data   RW          696    .data               fsmc.o
    0x200000e4   COMPRESSED   0x00009c40   Data   RW         1076    .data               self_inspection.o
    0x20009d24   COMPRESSED   0x0000000c   Data   RW         4336    .data               stm32f4xx_hal.o
    0x20009d30   COMPRESSED   0x00000004   Data   RW         4568    .data               system_stm32f4xx.o
    0x20009d34   COMPRESSED   0x00000004   Data   RW         4665    .data               lcd.o
    0x20009d38   COMPRESSED   0x00000004   Data   RW         5208    .data               mc_w.l(mvars.o)
    0x20009d3c   COMPRESSED   0x00000004   Data   RW         5209    .data               mc_w.l(mvars.o)
    0x20009d40   COMPRESSED   0x00000004   Data   RW         5213    .data               mc_w.l(errno.o)
    0x20009d44        -       0x0000001e   Zero   RW          384    .bss                display.o
    0x20009d62   COMPRESSED   0x00000002   PAD
    0x20009d64        -       0x000007b8   Zero   RW          426    .bss                main.o
    0x2000a51c        -       0x000001f8   Zero   RW          576    .bss                adc.o
    0x2000a714        -       0x00000014   Zero   RW          628    .bss                dac.o
    0x2000a728        -       0x00000050   Zero   RW          695    .bss                fsmc.o
    0x2000a778        -       0x00000058   Zero   RW          742    .bss                spi.o
    0x2000a7d0        -       0x00000080   Zero   RW          785    .bss                tim.o
    0x2000a850        -       0x00000100   Zero   RW          832    .bss                usart.o
    0x2000a950        -       0x0000000e   Zero   RW         4663    .bss                lcd.o
    0x2000a95e   COMPRESSED   0x00000002   PAD
    0x2000a960        -       0x00000200   Zero   RW            2    HEAP                startup_stm32f407xx.o
    0x2000ab60        -       0x00000400   Zero   RW            1    STACK               startup_stm32f407xx.o


==============================================================================

Image component sizes


      Code (inc. data)   RO Data    RW Data    ZI Data      Debug   Object Name

       772         70          0          0        504       3337   adc.o
       172         22          0          0         20       1627   dac.o
       918         72          0         16          0       7276   data_processing.o
       110         10          0          4          0     737199   delay.o
       576        182          0          0         30       1611   display.o
       108          4          0          0          0        546   dma.o
       262         38          0          0          0       2772   exti_callback.o
       284         34          0          8         80       2179   fsmc.o
       412         30          0          0          0        927   gpio.o
     16422        122       6080          4         14      25857   lcd.o
      3030        376          0        193       1976      11143   main.o
       124         18          0          0          0        640   relay_control.o
       872        302          0      40000          0       1723   self_inspection.o
       208         24          0          0         88       1693   spi.o
        36          8        392          0       1536        836   startup_stm32f407xx.o
       144         24          0         12          0       2633   stm32f4xx_hal.o
      1568         64          0          0          0       9097   stm32f4xx_hal_adc.o
         2          0          0          0          0        977   stm32f4xx_hal_adc_ex.o
       198         14          0          0          0      34083   stm32f4xx_hal_cortex.o
       240          0          0          0          0       3486   stm32f4xx_hal_dac.o
      1090         16          8          0          0       7350   stm32f4xx_hal_dma.o
       476         50          0          0          0       3702   stm32f4xx_hal_gpio.o
        48          6          0          0          0        562   stm32f4xx_hal_msp.o
      1260         76          0          0          0       5140   stm32f4xx_hal_rcc.o
       128          0          0          0          0       1159   stm32f4xx_hal_spi.o
        86          0          0          0          0       1208   stm32f4xx_hal_sram.o
       974         44          0          0          0      10005   stm32f4xx_hal_tim.o
        70          0          0          0          0       2433   stm32f4xx_hal_tim_ex.o
      2228         42          0          0          0      16677   stm32f4xx_hal_uart.o
       242         76          0          0          0       9826   stm32f4xx_it.o
       216         12          0          0          0       2703   stm32f4xx_ll_fsmc.o
        84         18         24          4          0       1159   system_stm32f4xx.o
       304         24          0          0        128       2355   tim.o
       452         56          0          0          0        635   uartdata.o
       296         30          0          0        256       1860   usart.o
        60         18          0          0          0        611   voltage_calibration.o

    ----------------------------------------------------------------------
     34500       1882       6536      40248       4636     917027   Object Totals
         0          0         32          0          0          0   (incl. Generated)
        28          0          0          7          4          0   (incl. Padding)

    ----------------------------------------------------------------------

      Code (inc. data)   RO Data    RW Data    ZI Data      Debug   Library Member Name

       122          0          0          0          0        148   sqrt.o
        94          0          0          0          0          0   __dclz77c.o
        28          0          0          0          0         68   _chval.o
       158          0          0          0          0         92   _strtoul.o
        26          0          0          0          0         80   atoi.o
         8          4        133          0          0         68   ctype_o.o
         0          0          0          0          0          0   entry.o
         0          0          0          0          0          0   entry10a.o
         0          0          0          0          0          0   entry11a.o
         8          4          0          0          0          0   entry2.o
         4          0          0          0          0          0   entry5.o
         0          0          0          0          0          0   entry7b.o
         0          0          0          0          0          0   entry8b.o
         8          4          0          0          0          0   entry9a.o
        20         10          0          4          0        136   errno.o
        30          0          0          0          0          0   handlers.o
        36          8          0          0          0         68   init.o
         0          0          0          0          0          0   iusefp.o
        30          0          0          0          0         68   llshl.o
        36          0          0          0          0         68   llsshr.o
        32          0          0          0          0         68   llushr.o
       188         20          0          0          0        160   malloc.o
        26          0          0          0          0         80   memcmp.o
        36          0          0          0          0        108   memseta.o
         0          0          0          8          0          0   mvars.o
      2276         86          0          0          0        520   printfa.o
        14          0          0          0          0         68   strlen.o
       112          0          0          0          0         88   strtol.o
        44          0          0          0          0         80   uidiv.o
        98          0          0          0          0         92   uldiv.o
        48          0          0          0          0         68   cdcmple.o
        48          0          0          0          0         68   cdrcmple.o
        56          0          0          0          0         88   d2f.o
       334          0          0          0          0        148   dadd.o
       222          0          0          0          0        100   ddiv.o
       186          0          0          0          0        176   depilogue.o
        62          0          0          0          0         80   dfixi.o
        50          0          0          0          0         76   dfixui.o
        48          0          0          0          0         68   dfixul.o
        34          0          0          0          0         76   dflti.o
        26          0          0          0          0         76   dfltui.o
       228          0          0          0          0         96   dmul.o
       162          0          0          0          0        100   dsqrt.o
        38          0          0          0          0         68   f2d.o
       110          0          0          0          0        168   fepilogue.o

    ----------------------------------------------------------------------
      5088        136        136         12          0       3516   Library Totals
         2          0          3          0          0          0   (incl. Padding)

    ----------------------------------------------------------------------

      Code (inc. data)   RO Data    RW Data    ZI Data      Debug   Library Name

       122          0          0          0          0        148   m_wm.l
      3312        136        133         12          0       1912   mc_w.l
      1652          0          0          0          0       1456   mf_w.l

    ----------------------------------------------------------------------
      5088        136        136         12          0       3516   Library Totals

    ----------------------------------------------------------------------

==============================================================================


      Code (inc. data)   RO Data    RW Data    ZI Data      Debug   

     39588       2018       6672      40260       4636     902207   Grand Totals
     39588       2018       6672       7416       4636     902207   ELF Image Totals (compressed)
     39588       2018       6672       7416          0          0   ROM Totals

==============================================================================

    Total RO  Size (Code + RO Data)                46260 (  45.18kB)
    Total RW  Size (RW Data + ZI Data)             44896 (  43.84kB)
    Total ROM Size (Code + RO Data + RW Data)      53676 (  52.42kB)

==============================================================================

